
==========================================================================
global place report_tns
--------------------------------------------------------------------------
tns max 0.00

==========================================================================
global place report_wns
--------------------------------------------------------------------------
wns max 0.00

==========================================================================
global place report_worst_slack
--------------------------------------------------------------------------
worst slack max 0.76

==========================================================================
global place report_clock_min_period
--------------------------------------------------------------------------
clock period_min = 9.24 fmax = 108.22

==========================================================================
global place report_checks -path_delay min
--------------------------------------------------------------------------
Startpoint: io_op[0] (input port clocked by clock)
Endpoint: io_result[5] (output port clocked by clock)
Path Group: clock
Path Type: min

Fanout     Cap    Slew   Delay    Time   Description
-----------------------------------------------------------------------------
                  0.00    0.00    0.00   clock clock (rise edge)
                          0.00    0.00   clock network delay (ideal)
                          2.00    2.00 ^ input external delay
     1    0.02    0.00    0.00    2.00 ^ io_op[0] (in)
                                         io_op[0] (net)
                  0.00    0.00    2.00 ^ input65/A (sky130_fd_sc_hd__buf_2)
    16    0.08    0.37    0.32    2.32 ^ input65/X (sky130_fd_sc_hd__buf_2)
                                         net65 (net)
                  0.37    0.00    2.32 ^ _1611_/A1 (sky130_fd_sc_hd__o211ai_1)
     2    0.01    0.11    0.21    2.54 v _1611_/Y (sky130_fd_sc_hd__o211ai_1)
                                         net95 (net)
                  0.11    0.00    2.54 v output95/A (sky130_fd_sc_hd__clkdlybuf4s50_1)
     1    0.01    0.11    0.50    3.04 v output95/X (sky130_fd_sc_hd__clkdlybuf4s50_1)
                                         io_result[5] (net)
                  0.11    0.00    3.04 v io_result[5] (out)
                                  3.04   data arrival time

                  0.00    0.00    0.00   clock clock (rise edge)
                          0.00    0.00   clock network delay (ideal)
                          0.00    0.00   clock reconvergence pessimism
                         -2.00   -2.00   output external delay
                                 -2.00   data required time
-----------------------------------------------------------------------------
                                 -2.00   data required time
                                 -3.04   data arrival time
-----------------------------------------------------------------------------
                                  5.04   slack (MET)



==========================================================================
global place report_checks -path_delay max
--------------------------------------------------------------------------
Startpoint: io_a[4] (input port clocked by clock)
Endpoint: io_zero (output port clocked by clock)
Path Group: clock
Path Type: max

Fanout     Cap    Slew   Delay    Time   Description
-----------------------------------------------------------------------------
                  0.00    0.00    0.00   clock clock (rise edge)
                          0.00    0.00   clock network delay (ideal)
                          2.00    2.00 ^ input external delay
     1    0.01    0.00    0.00    2.00 ^ io_a[4] (in)
                                         io_a[4] (net)
                  0.00    0.00    2.00 ^ input27/A (sky130_fd_sc_hd__clkdlybuf4s50_1)
     3    0.01    0.12    0.51    2.51 ^ input27/X (sky130_fd_sc_hd__clkdlybuf4s50_1)
                                         net27 (net)
                  0.12    0.00    2.51 ^ _0967_/A (sky130_fd_sc_hd__inv_1)
     1    0.00    0.04    0.06    2.57 v _0967_/Y (sky130_fd_sc_hd__inv_1)
                                         _0156_ (net)
                  0.04    0.00    2.57 v _1758_/A (sky130_fd_sc_hd__ha_1)
    15    0.05    0.27    0.49    3.07 v _1758_/SUM (sky130_fd_sc_hd__ha_1)
                                         _0159_ (net)
                  0.27    0.00    3.07 v _1092_/A2 (sky130_fd_sc_hd__a21o_1)
     4    0.02    0.09    0.31    3.38 v _1092_/X (sky130_fd_sc_hd__a21o_1)
                                         _0362_ (net)
                  0.09    0.00    3.38 v _1093_/B1 (sky130_fd_sc_hd__a31o_2)
     3    0.01    0.05    0.25    3.63 v _1093_/X (sky130_fd_sc_hd__a31o_2)
                                         _0363_ (net)
                  0.05    0.00    3.63 v _1096_/A (sky130_fd_sc_hd__nor2_1)
     4    0.02    0.44    0.37    4.00 ^ _1096_/Y (sky130_fd_sc_hd__nor2_1)
                                         _0366_ (net)
                  0.44    0.00    4.00 ^ _1599_/S (sky130_fd_sc_hd__mux2i_1)
     1    0.00    0.14    0.25    4.25 ^ _1599_/Y (sky130_fd_sc_hd__mux2i_1)
                                         _0835_ (net)
                  0.14    0.00    4.25 ^ _1611_/A2 (sky130_fd_sc_hd__o211ai_1)
     2    0.01    0.15    0.14    4.39 v _1611_/Y (sky130_fd_sc_hd__o211ai_1)
                                         net95 (net)
                  0.15    0.00    4.39 v _1668_/B (sky130_fd_sc_hd__or4_1)
     1    0.01    0.10    0.56    4.95 v _1668_/X (sky130_fd_sc_hd__or4_1)
                                         _0236_ (net)
                  0.10    0.00    4.95 v _1670_/C (sky130_fd_sc_hd__or4b_1)
     1    0.00    0.09    0.49    5.44 v _1670_/X (sky130_fd_sc_hd__or4b_1)
                                         _0238_ (net)
                  0.09    0.00    5.44 v _1672_/C (sky130_fd_sc_hd__nor4_1)
     1    0.00    0.24    0.25    5.69 ^ _1672_/Y (sky130_fd_sc_hd__nor4_1)
                                         _0240_ (net)
                  0.24    0.00    5.69 ^ place110/A (sky130_fd_sc_hd__buf_4)
     1    0.03    0.08    0.20    5.89 ^ place110/X (sky130_fd_sc_hd__buf_4)
                                         net110 (net)
                  0.08    0.00    5.89 ^ _1675_/B (sky130_fd_sc_hd__and4b_1)
     1    0.00    0.07    0.20    6.09 ^ _1675_/X (sky130_fd_sc_hd__and4b_1)
                                         _0243_ (net)
                  0.07    0.00    6.09 ^ _1677_/C (sky130_fd_sc_hd__nand4b_1)
     1    0.02    0.28    0.23    6.32 v _1677_/Y (sky130_fd_sc_hd__nand4b_1)
                                         _0245_ (net)
                  0.28    0.00    6.32 v _1679_/C (sky130_fd_sc_hd__nor4_2)
     1    0.01    0.24    0.32    6.64 ^ _1679_/Y (sky130_fd_sc_hd__nor4_2)
                                         net100 (net)
                  0.24    0.00    6.64 ^ output100/A (sky130_fd_sc_hd__clkdlybuf4s50_1)
     1    0.01    0.14    0.60    7.24 ^ output100/X (sky130_fd_sc_hd__clkdlybuf4s50_1)
                                         io_zero (net)
                  0.14    0.00    7.24 ^ io_zero (out)
                                  7.24   data arrival time

                  0.00   10.00   10.00   clock clock (rise edge)
                          0.00   10.00   clock network delay (ideal)
                          0.00   10.00   clock reconvergence pessimism
                         -2.00    8.00   output external delay
                                  8.00   data required time
-----------------------------------------------------------------------------
                                  8.00   data required time
                                 -7.24   data arrival time
-----------------------------------------------------------------------------
                                  0.76   slack (MET)



==========================================================================
global place report_checks -unconstrained
--------------------------------------------------------------------------
Startpoint: io_a[4] (input port clocked by clock)
Endpoint: io_zero (output port clocked by clock)
Path Group: clock
Path Type: max

Fanout     Cap    Slew   Delay    Time   Description
-----------------------------------------------------------------------------
                  0.00    0.00    0.00   clock clock (rise edge)
                          0.00    0.00   clock network delay (ideal)
                          2.00    2.00 ^ input external delay
     1    0.01    0.00    0.00    2.00 ^ io_a[4] (in)
                                         io_a[4] (net)
                  0.00    0.00    2.00 ^ input27/A (sky130_fd_sc_hd__clkdlybuf4s50_1)
     3    0.01    0.12    0.51    2.51 ^ input27/X (sky130_fd_sc_hd__clkdlybuf4s50_1)
                                         net27 (net)
                  0.12    0.00    2.51 ^ _0967_/A (sky130_fd_sc_hd__inv_1)
     1    0.00    0.04    0.06    2.57 v _0967_/Y (sky130_fd_sc_hd__inv_1)
                                         _0156_ (net)
                  0.04    0.00    2.57 v _1758_/A (sky130_fd_sc_hd__ha_1)
    15    0.05    0.27    0.49    3.07 v _1758_/SUM (sky130_fd_sc_hd__ha_1)
                                         _0159_ (net)
                  0.27    0.00    3.07 v _1092_/A2 (sky130_fd_sc_hd__a21o_1)
     4    0.02    0.09    0.31    3.38 v _1092_/X (sky130_fd_sc_hd__a21o_1)
                                         _0362_ (net)
                  0.09    0.00    3.38 v _1093_/B1 (sky130_fd_sc_hd__a31o_2)
     3    0.01    0.05    0.25    3.63 v _1093_/X (sky130_fd_sc_hd__a31o_2)
                                         _0363_ (net)
                  0.05    0.00    3.63 v _1096_/A (sky130_fd_sc_hd__nor2_1)
     4    0.02    0.44    0.37    4.00 ^ _1096_/Y (sky130_fd_sc_hd__nor2_1)
                                         _0366_ (net)
                  0.44    0.00    4.00 ^ _1599_/S (sky130_fd_sc_hd__mux2i_1)
     1    0.00    0.14    0.25    4.25 ^ _1599_/Y (sky130_fd_sc_hd__mux2i_1)
                                         _0835_ (net)
                  0.14    0.00    4.25 ^ _1611_/A2 (sky130_fd_sc_hd__o211ai_1)
     2    0.01    0.15    0.14    4.39 v _1611_/Y (sky130_fd_sc_hd__o211ai_1)
                                         net95 (net)
                  0.15    0.00    4.39 v _1668_/B (sky130_fd_sc_hd__or4_1)
     1    0.01    0.10    0.56    4.95 v _1668_/X (sky130_fd_sc_hd__or4_1)
                                         _0236_ (net)
                  0.10    0.00    4.95 v _1670_/C (sky130_fd_sc_hd__or4b_1)
     1    0.00    0.09    0.49    5.44 v _1670_/X (sky130_fd_sc_hd__or4b_1)
                                         _0238_ (net)
                  0.09    0.00    5.44 v _1672_/C (sky130_fd_sc_hd__nor4_1)
     1    0.00    0.24    0.25    5.69 ^ _1672_/Y (sky130_fd_sc_hd__nor4_1)
                                         _0240_ (net)
                  0.24    0.00    5.69 ^ place110/A (sky130_fd_sc_hd__buf_4)
     1    0.03    0.08    0.20    5.89 ^ place110/X (sky130_fd_sc_hd__buf_4)
                                         net110 (net)
                  0.08    0.00    5.89 ^ _1675_/B (sky130_fd_sc_hd__and4b_1)
     1    0.00    0.07    0.20    6.09 ^ _1675_/X (sky130_fd_sc_hd__and4b_1)
                                         _0243_ (net)
                  0.07    0.00    6.09 ^ _1677_/C (sky130_fd_sc_hd__nand4b_1)
     1    0.02    0.28    0.23    6.32 v _1677_/Y (sky130_fd_sc_hd__nand4b_1)
                                         _0245_ (net)
                  0.28    0.00    6.32 v _1679_/C (sky130_fd_sc_hd__nor4_2)
     1    0.01    0.24    0.32    6.64 ^ _1679_/Y (sky130_fd_sc_hd__nor4_2)
                                         net100 (net)
                  0.24    0.00    6.64 ^ output100/A (sky130_fd_sc_hd__clkdlybuf4s50_1)
     1    0.01    0.14    0.60    7.24 ^ output100/X (sky130_fd_sc_hd__clkdlybuf4s50_1)
                                         io_zero (net)
                  0.14    0.00    7.24 ^ io_zero (out)
                                  7.24   data arrival time

                  0.00   10.00   10.00   clock clock (rise edge)
                          0.00   10.00   clock network delay (ideal)
                          0.00   10.00   clock reconvergence pessimism
                         -2.00    8.00   output external delay
                                  8.00   data required time
-----------------------------------------------------------------------------
                                  8.00   data required time
                                 -7.24   data arrival time
-----------------------------------------------------------------------------
                                  0.76   slack (MET)



==========================================================================
global place report_power
--------------------------------------------------------------------------
Group                  Internal  Switching    Leakage      Total
                          Power      Power      Power      Power (Watts)
----------------------------------------------------------------
Sequential             0.00e+00   0.00e+00   0.00e+00   0.00e+00   0.0%
Combinational          1.71e-04   2.58e-04   2.94e-09   4.29e-04 100.0%
Clock                  0.00e+00   0.00e+00   0.00e+00   0.00e+00   0.0%
Macro                  0.00e+00   0.00e+00   0.00e+00   0.00e+00   0.0%
Pad                    0.00e+00   0.00e+00   0.00e+00   0.00e+00   0.0%
----------------------------------------------------------------
Total                  1.71e-04   2.58e-04   2.94e-09   4.29e-04 100.0%
                          39.8%      60.2%       0.0%
