
==========================================================================
global route report_tns
--------------------------------------------------------------------------
tns max 0.00

==========================================================================
global route report_wns
--------------------------------------------------------------------------
wns max 0.00

==========================================================================
global route report_worst_slack
--------------------------------------------------------------------------
worst slack max 0.44

==========================================================================
global route report_clock_min_period
--------------------------------------------------------------------------
clock period_min = 9.56 fmax = 104.65

==========================================================================
global route report_clock_skew
--------------------------------------------------------------------------
Clock clock
No launch/capture paths found.


==========================================================================
global route report_checks -path_delay min
--------------------------------------------------------------------------
Startpoint: io_op[0] (input port clocked by clock)
Endpoint: io_result[5] (output port clocked by clock)
Path Group: clock
Path Type: min

Fanout     Cap    Slew   Delay    Time   Description
-----------------------------------------------------------------------------
                          0.00    0.00   clock clock (rise edge)
                          0.00    0.00   clock network delay (propagated)
                          2.00    2.00 ^ input external delay
     1    0.01    0.00    0.00    2.00 ^ io_op[0] (in)
                                         io_op[0] (net)
                  0.00    0.00    2.00 ^ input65/A (sky130_fd_sc_hd__buf_2)
    16    0.08    0.38    0.33    2.33 ^ input65/X (sky130_fd_sc_hd__buf_2)
                                         net65 (net)
                  0.38    0.01    2.33 ^ _1611_/A1 (sky130_fd_sc_hd__o211ai_1)
     2    0.01    0.13    0.23    2.56 v _1611_/Y (sky130_fd_sc_hd__o211ai_1)
                                         net95 (net)
                  0.13    0.00    2.56 v output95/A (sky130_fd_sc_hd__clkdlybuf4s50_1)
     1    0.02    0.13    0.54    3.10 v output95/X (sky130_fd_sc_hd__clkdlybuf4s50_1)
                                         io_result[5] (net)
                  0.13    0.00    3.10 v io_result[5] (out)
                                  3.10   data arrival time

                          0.00    0.00   clock clock (rise edge)
                          0.00    0.00   clock network delay (propagated)
                          0.00    0.00   clock reconvergence pessimism
                         -2.00   -2.00   output external delay
                                 -2.00   data required time
-----------------------------------------------------------------------------
                                 -2.00   data required time
                                 -3.10   data arrival time
-----------------------------------------------------------------------------
                                  5.10   slack (MET)



==========================================================================
global route report_checks -path_delay max
--------------------------------------------------------------------------
Startpoint: io_a[4] (input port clocked by clock)
Endpoint: io_zero (output port clocked by clock)
Path Group: clock
Path Type: max

Fanout     Cap    Slew   Delay    Time   Description
-----------------------------------------------------------------------------
                          0.00    0.00   clock clock (rise edge)
                          0.00    0.00   clock network delay (propagated)
                          2.00    2.00 ^ input external delay
     1    0.01    0.00    0.00    2.00 ^ io_a[4] (in)
                                         io_a[4] (net)
                  0.00    0.00    2.00 ^ input27/A (sky130_fd_sc_hd__clkdlybuf4s50_1)
     3    0.01    0.15    0.53    2.53 ^ input27/X (sky130_fd_sc_hd__clkdlybuf4s50_1)
                                         net27 (net)
                  0.15    0.00    2.53 ^ _0967_/A (sky130_fd_sc_hd__inv_1)
     1    0.00    0.05    0.07    2.60 v _0967_/Y (sky130_fd_sc_hd__inv_1)
                                         _0156_ (net)
                  0.05    0.00    2.60 v _1758_/A (sky130_fd_sc_hd__ha_1)
    15    0.06    0.27    0.50    3.10 v _1758_/SUM (sky130_fd_sc_hd__ha_1)
                                         _0159_ (net)
                  0.27    0.00    3.10 v _1092_/A2 (sky130_fd_sc_hd__a21o_1)
     4    0.02    0.11    0.33    3.43 v _1092_/X (sky130_fd_sc_hd__a21o_1)
                                         _0362_ (net)
                  0.11    0.00    3.43 v _1093_/B1 (sky130_fd_sc_hd__a31o_2)
     3    0.01    0.06    0.26    3.69 v _1093_/X (sky130_fd_sc_hd__a31o_2)
                                         _0363_ (net)
                  0.06    0.00    3.69 v _1096_/A (sky130_fd_sc_hd__nor2_1)
     4    0.03    0.49    0.40    4.10 ^ _1096_/Y (sky130_fd_sc_hd__nor2_1)
                                         _0366_ (net)
                  0.49    0.00    4.10 ^ _1599_/S (sky130_fd_sc_hd__mux2i_1)
     1    0.01    0.17    0.28    4.38 ^ _1599_/Y (sky130_fd_sc_hd__mux2i_1)
                                         _0835_ (net)
                  0.17    0.00    4.38 ^ _1611_/A2 (sky130_fd_sc_hd__o211ai_1)
     2    0.01    0.17    0.17    4.55 v _1611_/Y (sky130_fd_sc_hd__o211ai_1)
                                         net95 (net)
                  0.17    0.00    4.55 v _1668_/B (sky130_fd_sc_hd__or4_1)
     1    0.01    0.11    0.57    5.12 v _1668_/X (sky130_fd_sc_hd__or4_1)
                                         _0236_ (net)
                  0.11    0.00    5.12 v _1670_/C (sky130_fd_sc_hd__or4b_1)
     1    0.00    0.10    0.50    5.62 v _1670_/X (sky130_fd_sc_hd__or4b_1)
                                         _0238_ (net)
                  0.10    0.00    5.62 v _1672_/C (sky130_fd_sc_hd__nor4_1)
     1    0.01    0.35    0.34    5.95 ^ _1672_/Y (sky130_fd_sc_hd__nor4_1)
                                         _0240_ (net)
                  0.35    0.00    5.95 ^ place110/A (sky130_fd_sc_hd__buf_4)
     1    0.03    0.08    0.22    6.18 ^ place110/X (sky130_fd_sc_hd__buf_4)
                                         net110 (net)
                  0.08    0.00    6.18 ^ _1675_/B (sky130_fd_sc_hd__and4b_1)
     1    0.01    0.09    0.21    6.39 ^ _1675_/X (sky130_fd_sc_hd__and4b_1)
                                         _0243_ (net)
                  0.09    0.00    6.39 ^ _1677_/C (sky130_fd_sc_hd__nand4b_1)
     1    0.02    0.28    0.24    6.63 v _1677_/Y (sky130_fd_sc_hd__nand4b_1)
                                         _0245_ (net)
                  0.28    0.00    6.63 v _1679_/C (sky130_fd_sc_hd__nor4_2)
     1    0.01    0.26    0.33    6.96 ^ _1679_/Y (sky130_fd_sc_hd__nor4_2)
                                         net100 (net)
                  0.26    0.00    6.96 ^ output100/A (sky130_fd_sc_hd__clkdlybuf4s50_1)
     1    0.01    0.12    0.59    7.55 ^ output100/X (sky130_fd_sc_hd__clkdlybuf4s50_1)
                                         io_zero (net)
                  0.12    0.00    7.56 ^ io_zero (out)
                                  7.56   data arrival time

                         10.00   10.00   clock clock (rise edge)
                          0.00   10.00   clock network delay (propagated)
                          0.00   10.00   clock reconvergence pessimism
                         -2.00    8.00   output external delay
                                  8.00   data required time
-----------------------------------------------------------------------------
                                  8.00   data required time
                                 -7.56   data arrival time
-----------------------------------------------------------------------------
                                  0.44   slack (MET)



==========================================================================
global route report_checks -unconstrained
--------------------------------------------------------------------------
Startpoint: io_a[4] (input port clocked by clock)
Endpoint: io_zero (output port clocked by clock)
Path Group: clock
Path Type: max

Fanout     Cap    Slew   Delay    Time   Description
-----------------------------------------------------------------------------
                          0.00    0.00   clock clock (rise edge)
                          0.00    0.00   clock network delay (propagated)
                          2.00    2.00 ^ input external delay
     1    0.01    0.00    0.00    2.00 ^ io_a[4] (in)
                                         io_a[4] (net)
                  0.00    0.00    2.00 ^ input27/A (sky130_fd_sc_hd__clkdlybuf4s50_1)
     3    0.01    0.15    0.53    2.53 ^ input27/X (sky130_fd_sc_hd__clkdlybuf4s50_1)
                                         net27 (net)
                  0.15    0.00    2.53 ^ _0967_/A (sky130_fd_sc_hd__inv_1)
     1    0.00    0.05    0.07    2.60 v _0967_/Y (sky130_fd_sc_hd__inv_1)
                                         _0156_ (net)
                  0.05    0.00    2.60 v _1758_/A (sky130_fd_sc_hd__ha_1)
    15    0.06    0.27    0.50    3.10 v _1758_/SUM (sky130_fd_sc_hd__ha_1)
                                         _0159_ (net)
                  0.27    0.00    3.10 v _1092_/A2 (sky130_fd_sc_hd__a21o_1)
     4    0.02    0.11    0.33    3.43 v _1092_/X (sky130_fd_sc_hd__a21o_1)
                                         _0362_ (net)
                  0.11    0.00    3.43 v _1093_/B1 (sky130_fd_sc_hd__a31o_2)
     3    0.01    0.06    0.26    3.69 v _1093_/X (sky130_fd_sc_hd__a31o_2)
                                         _0363_ (net)
                  0.06    0.00    3.69 v _1096_/A (sky130_fd_sc_hd__nor2_1)
     4    0.03    0.49    0.40    4.10 ^ _1096_/Y (sky130_fd_sc_hd__nor2_1)
                                         _0366_ (net)
                  0.49    0.00    4.10 ^ _1599_/S (sky130_fd_sc_hd__mux2i_1)
     1    0.01    0.17    0.28    4.38 ^ _1599_/Y (sky130_fd_sc_hd__mux2i_1)
                                         _0835_ (net)
                  0.17    0.00    4.38 ^ _1611_/A2 (sky130_fd_sc_hd__o211ai_1)
     2    0.01    0.17    0.17    4.55 v _1611_/Y (sky130_fd_sc_hd__o211ai_1)
                                         net95 (net)
                  0.17    0.00    4.55 v _1668_/B (sky130_fd_sc_hd__or4_1)
     1    0.01    0.11    0.57    5.12 v _1668_/X (sky130_fd_sc_hd__or4_1)
                                         _0236_ (net)
                  0.11    0.00    5.12 v _1670_/C (sky130_fd_sc_hd__or4b_1)
     1    0.00    0.10    0.50    5.62 v _1670_/X (sky130_fd_sc_hd__or4b_1)
                                         _0238_ (net)
                  0.10    0.00    5.62 v _1672_/C (sky130_fd_sc_hd__nor4_1)
     1    0.01    0.35    0.34    5.95 ^ _1672_/Y (sky130_fd_sc_hd__nor4_1)
                                         _0240_ (net)
                  0.35    0.00    5.95 ^ place110/A (sky130_fd_sc_hd__buf_4)
     1    0.03    0.08    0.22    6.18 ^ place110/X (sky130_fd_sc_hd__buf_4)
                                         net110 (net)
                  0.08    0.00    6.18 ^ _1675_/B (sky130_fd_sc_hd__and4b_1)
     1    0.01    0.09    0.21    6.39 ^ _1675_/X (sky130_fd_sc_hd__and4b_1)
                                         _0243_ (net)
                  0.09    0.00    6.39 ^ _1677_/C (sky130_fd_sc_hd__nand4b_1)
     1    0.02    0.28    0.24    6.63 v _1677_/Y (sky130_fd_sc_hd__nand4b_1)
                                         _0245_ (net)
                  0.28    0.00    6.63 v _1679_/C (sky130_fd_sc_hd__nor4_2)
     1    0.01    0.26    0.33    6.96 ^ _1679_/Y (sky130_fd_sc_hd__nor4_2)
                                         net100 (net)
                  0.26    0.00    6.96 ^ output100/A (sky130_fd_sc_hd__clkdlybuf4s50_1)
     1    0.01    0.12    0.59    7.55 ^ output100/X (sky130_fd_sc_hd__clkdlybuf4s50_1)
                                         io_zero (net)
                  0.12    0.00    7.56 ^ io_zero (out)
                                  7.56   data arrival time

                         10.00   10.00   clock clock (rise edge)
                          0.00   10.00   clock network delay (propagated)
                          0.00   10.00   clock reconvergence pessimism
                         -2.00    8.00   output external delay
                                  8.00   data required time
-----------------------------------------------------------------------------
                                  8.00   data required time
                                 -7.56   data arrival time
-----------------------------------------------------------------------------
                                  0.44   slack (MET)



==========================================================================
global route report_check_types -max_slew -max_cap -max_fanout -violators
--------------------------------------------------------------------------

==========================================================================
global route max_slew_check_slack
--------------------------------------------------------------------------
0.6215673685073853

==========================================================================
global route max_slew_check_limit
--------------------------------------------------------------------------
1.48431396484375

==========================================================================
global route max_slew_check_slack_limit
--------------------------------------------------------------------------
0.4188

==========================================================================
global route max_fanout_check_slack
--------------------------------------------------------------------------
1.0000000150474662e+30

==========================================================================
global route max_fanout_check_limit
--------------------------------------------------------------------------
1.0000000150474662e+30

==========================================================================
global route max_capacitance_check_slack
--------------------------------------------------------------------------
0.013933724723756313

==========================================================================
global route max_capacitance_check_limit
--------------------------------------------------------------------------
0.021067000925540924

==========================================================================
global route max_capacitance_check_slack_limit
--------------------------------------------------------------------------
0.6614

==========================================================================
global route max_slew_violation_count
--------------------------------------------------------------------------
max slew violation count 0

==========================================================================
global route max_fanout_violation_count
--------------------------------------------------------------------------
max fanout violation count 0

==========================================================================
global route max_cap_violation_count
--------------------------------------------------------------------------
max cap violation count 0

==========================================================================
global route setup_violation_count
--------------------------------------------------------------------------
setup violation count 0

==========================================================================
global route hold_violation_count
--------------------------------------------------------------------------
hold violation count 0

==========================================================================
global route critical path delay
--------------------------------------------------------------------------
7.5555

==========================================================================
global route critical path slack
--------------------------------------------------------------------------
0.4445

==========================================================================
global route slack div critical path delay
--------------------------------------------------------------------------
5.883131

==========================================================================
global route report_power
--------------------------------------------------------------------------
Group                  Internal  Switching    Leakage      Total
                          Power      Power      Power      Power (Watts)
----------------------------------------------------------------
Sequential             0.00e+00   0.00e+00   0.00e+00   0.00e+00   0.0%
Combinational          1.72e-04   2.98e-04   2.94e-09   4.71e-04 100.0%
Clock                  0.00e+00   0.00e+00   0.00e+00   0.00e+00   0.0%
Macro                  0.00e+00   0.00e+00   0.00e+00   0.00e+00   0.0%
Pad                    0.00e+00   0.00e+00   0.00e+00   0.00e+00   0.0%
----------------------------------------------------------------
Total                  1.72e-04   2.98e-04   2.94e-09   4.71e-04 100.0%
                          36.6%      63.4%       0.0%
