
==========================================================================
finish report_tns
--------------------------------------------------------------------------
tns max 0.00

==========================================================================
finish report_wns
--------------------------------------------------------------------------
wns max 0.00

==========================================================================
finish report_worst_slack
--------------------------------------------------------------------------
worst slack max 0.75

==========================================================================
finish report_clock_min_period
--------------------------------------------------------------------------
clock period_min = 9.25 fmax = 108.10

==========================================================================
finish report_clock_skew
--------------------------------------------------------------------------
Clock clock
No launch/capture paths found.


==========================================================================
finish report_checks -path_delay min
--------------------------------------------------------------------------
Startpoint: io_op[0] (input port clocked by clock)
Endpoint: io_result[5] (output port clocked by clock)
Path Group: clock
Path Type: min

Fanout     Cap    Slew   Delay    Time   Description
-----------------------------------------------------------------------------
                          0.00    0.00   clock clock (rise edge)
                          0.00    0.00   clock network delay (propagated)
                          2.00    2.00 ^ input external delay
     1    0.01    0.00    0.00    2.00 ^ io_op[0] (in)
                                         io_op[0] (net)
                  0.00    0.00    2.00 ^ input65/A (sky130_fd_sc_hd__buf_2)
    16    0.07    0.36    0.31    2.31 ^ input65/X (sky130_fd_sc_hd__buf_2)
                                         net65 (net)
                  0.36    0.01    2.32 ^ _1611_/A1 (sky130_fd_sc_hd__o211ai_1)
     2    0.01    0.11    0.20    2.52 v _1611_/Y (sky130_fd_sc_hd__o211ai_1)
                                         net95 (net)
                  0.11    0.00    2.52 v output95/A (sky130_fd_sc_hd__clkdlybuf4s50_1)
     1    0.01    0.11    0.51    3.03 v output95/X (sky130_fd_sc_hd__clkdlybuf4s50_1)
                                         io_result[5] (net)
                  0.11    0.00    3.03 v io_result[5] (out)
                                  3.03   data arrival time

                          0.00    0.00   clock clock (rise edge)
                          0.00    0.00   clock network delay (propagated)
                          0.00    0.00   clock reconvergence pessimism
                         -2.00   -2.00   output external delay
                                 -2.00   data required time
-----------------------------------------------------------------------------
                                 -2.00   data required time
                                 -3.03   data arrival time
-----------------------------------------------------------------------------
                                  5.03   slack (MET)



==========================================================================
finish report_checks -path_delay max
--------------------------------------------------------------------------
Startpoint: io_a[4] (input port clocked by clock)
Endpoint: io_zero (output port clocked by clock)
Path Group: clock
Path Type: max

Fanout     Cap    Slew   Delay    Time   Description
-----------------------------------------------------------------------------
                          0.00    0.00   clock clock (rise edge)
                          0.00    0.00   clock network delay (propagated)
                          2.00    2.00 ^ input external delay
     1    0.01    0.00    0.00    2.00 ^ io_a[4] (in)
                                         io_a[4] (net)
                  0.00    0.00    2.00 ^ input27/A (sky130_fd_sc_hd__clkdlybuf4s50_1)
     3    0.01    0.13    0.52    2.52 ^ input27/X (sky130_fd_sc_hd__clkdlybuf4s50_1)
                                         net27 (net)
                  0.13    0.00    2.52 ^ _0967_/A (sky130_fd_sc_hd__inv_1)
     1    0.00    0.04    0.06    2.58 v _0967_/Y (sky130_fd_sc_hd__inv_1)
                                         _0156_ (net)
                  0.04    0.00    2.58 v _1758_/A (sky130_fd_sc_hd__ha_1)
    15    0.05    0.27    0.49    3.07 v _1758_/SUM (sky130_fd_sc_hd__ha_1)
                                         _0159_ (net)
                  0.27    0.00    3.08 v _1092_/A2 (sky130_fd_sc_hd__a21o_1)
     4    0.02    0.10    0.32    3.40 v _1092_/X (sky130_fd_sc_hd__a21o_1)
                                         _0362_ (net)
                  0.10    0.00    3.40 v _1093_/B1 (sky130_fd_sc_hd__a31o_2)
     3    0.01    0.06    0.26    3.65 v _1093_/X (sky130_fd_sc_hd__a31o_2)
                                         _0363_ (net)
                  0.06    0.00    3.65 v _1096_/A (sky130_fd_sc_hd__nor2_1)
     4    0.03    0.45    0.38    4.03 ^ _1096_/Y (sky130_fd_sc_hd__nor2_1)
                                         _0366_ (net)
                  0.45    0.00    4.03 ^ _1599_/S (sky130_fd_sc_hd__mux2i_1)
     1    0.01    0.17    0.27    4.30 ^ _1599_/Y (sky130_fd_sc_hd__mux2i_1)
                                         _0835_ (net)
                  0.17    0.00    4.30 ^ _1611_/A2 (sky130_fd_sc_hd__o211ai_1)
     2    0.01    0.14    0.15    4.45 v _1611_/Y (sky130_fd_sc_hd__o211ai_1)
                                         net95 (net)
                  0.14    0.00    4.45 v _1668_/B (sky130_fd_sc_hd__or4_1)
     1    0.01    0.10    0.56    5.01 v _1668_/X (sky130_fd_sc_hd__or4_1)
                                         _0236_ (net)
                  0.10    0.00    5.01 v _1670_/C (sky130_fd_sc_hd__or4b_1)
     1    0.00    0.09    0.49    5.50 v _1670_/X (sky130_fd_sc_hd__or4b_1)
                                         _0238_ (net)
                  0.09    0.00    5.50 v _1672_/C (sky130_fd_sc_hd__nor4_1)
     1    0.00    0.25    0.26    5.76 ^ _1672_/Y (sky130_fd_sc_hd__nor4_1)
                                         _0240_ (net)
                  0.25    0.00    5.76 ^ place110/A (sky130_fd_sc_hd__buf_4)
     2    0.03    0.09    0.21    5.97 ^ place110/X (sky130_fd_sc_hd__buf_4)
                                         net110 (net)
                  0.09    0.00    5.97 ^ _1675_/B (sky130_fd_sc_hd__and4b_1)
     1    0.00    0.07    0.19    6.16 ^ _1675_/X (sky130_fd_sc_hd__and4b_1)
                                         _0243_ (net)
                  0.07    0.00    6.16 ^ _1677_/C (sky130_fd_sc_hd__nand4b_1)
     1    0.02    0.23    0.20    6.36 v _1677_/Y (sky130_fd_sc_hd__nand4b_1)
                                         _0245_ (net)
                  0.23    0.00    6.36 v _1679_/C (sky130_fd_sc_hd__nor4_2)
     1    0.01    0.24    0.31    6.67 ^ _1679_/Y (sky130_fd_sc_hd__nor4_2)
                                         net100 (net)
                  0.24    0.00    6.67 ^ output100/A (sky130_fd_sc_hd__clkdlybuf4s50_1)
     1    0.01    0.11    0.58    7.25 ^ output100/X (sky130_fd_sc_hd__clkdlybuf4s50_1)
                                         io_zero (net)
                  0.11    0.00    7.25 ^ io_zero (out)
                                  7.25   data arrival time

                         10.00   10.00   clock clock (rise edge)
                          0.00   10.00   clock network delay (propagated)
                          0.00   10.00   clock reconvergence pessimism
                         -2.00    8.00   output external delay
                                  8.00   data required time
-----------------------------------------------------------------------------
                                  8.00   data required time
                                 -7.25   data arrival time
-----------------------------------------------------------------------------
                                  0.75   slack (MET)



==========================================================================
finish report_checks -unconstrained
--------------------------------------------------------------------------
Startpoint: io_a[4] (input port clocked by clock)
Endpoint: io_zero (output port clocked by clock)
Path Group: clock
Path Type: max

Fanout     Cap    Slew   Delay    Time   Description
-----------------------------------------------------------------------------
                          0.00    0.00   clock clock (rise edge)
                          0.00    0.00   clock network delay (propagated)
                          2.00    2.00 ^ input external delay
     1    0.01    0.00    0.00    2.00 ^ io_a[4] (in)
                                         io_a[4] (net)
                  0.00    0.00    2.00 ^ input27/A (sky130_fd_sc_hd__clkdlybuf4s50_1)
     3    0.01    0.13    0.52    2.52 ^ input27/X (sky130_fd_sc_hd__clkdlybuf4s50_1)
                                         net27 (net)
                  0.13    0.00    2.52 ^ _0967_/A (sky130_fd_sc_hd__inv_1)
     1    0.00    0.04    0.06    2.58 v _0967_/Y (sky130_fd_sc_hd__inv_1)
                                         _0156_ (net)
                  0.04    0.00    2.58 v _1758_/A (sky130_fd_sc_hd__ha_1)
    15    0.05    0.27    0.49    3.07 v _1758_/SUM (sky130_fd_sc_hd__ha_1)
                                         _0159_ (net)
                  0.27    0.00    3.08 v _1092_/A2 (sky130_fd_sc_hd__a21o_1)
     4    0.02    0.10    0.32    3.40 v _1092_/X (sky130_fd_sc_hd__a21o_1)
                                         _0362_ (net)
                  0.10    0.00    3.40 v _1093_/B1 (sky130_fd_sc_hd__a31o_2)
     3    0.01    0.06    0.26    3.65 v _1093_/X (sky130_fd_sc_hd__a31o_2)
                                         _0363_ (net)
                  0.06    0.00    3.65 v _1096_/A (sky130_fd_sc_hd__nor2_1)
     4    0.03    0.45    0.38    4.03 ^ _1096_/Y (sky130_fd_sc_hd__nor2_1)
                                         _0366_ (net)
                  0.45    0.00    4.03 ^ _1599_/S (sky130_fd_sc_hd__mux2i_1)
     1    0.01    0.17    0.27    4.30 ^ _1599_/Y (sky130_fd_sc_hd__mux2i_1)
                                         _0835_ (net)
                  0.17    0.00    4.30 ^ _1611_/A2 (sky130_fd_sc_hd__o211ai_1)
     2    0.01    0.14    0.15    4.45 v _1611_/Y (sky130_fd_sc_hd__o211ai_1)
                                         net95 (net)
                  0.14    0.00    4.45 v _1668_/B (sky130_fd_sc_hd__or4_1)
     1    0.01    0.10    0.56    5.01 v _1668_/X (sky130_fd_sc_hd__or4_1)
                                         _0236_ (net)
                  0.10    0.00    5.01 v _1670_/C (sky130_fd_sc_hd__or4b_1)
     1    0.00    0.09    0.49    5.50 v _1670_/X (sky130_fd_sc_hd__or4b_1)
                                         _0238_ (net)
                  0.09    0.00    5.50 v _1672_/C (sky130_fd_sc_hd__nor4_1)
     1    0.00    0.25    0.26    5.76 ^ _1672_/Y (sky130_fd_sc_hd__nor4_1)
                                         _0240_ (net)
                  0.25    0.00    5.76 ^ place110/A (sky130_fd_sc_hd__buf_4)
     2    0.03    0.09    0.21    5.97 ^ place110/X (sky130_fd_sc_hd__buf_4)
                                         net110 (net)
                  0.09    0.00    5.97 ^ _1675_/B (sky130_fd_sc_hd__and4b_1)
     1    0.00    0.07    0.19    6.16 ^ _1675_/X (sky130_fd_sc_hd__and4b_1)
                                         _0243_ (net)
                  0.07    0.00    6.16 ^ _1677_/C (sky130_fd_sc_hd__nand4b_1)
     1    0.02    0.23    0.20    6.36 v _1677_/Y (sky130_fd_sc_hd__nand4b_1)
                                         _0245_ (net)
                  0.23    0.00    6.36 v _1679_/C (sky130_fd_sc_hd__nor4_2)
     1    0.01    0.24    0.31    6.67 ^ _1679_/Y (sky130_fd_sc_hd__nor4_2)
                                         net100 (net)
                  0.24    0.00    6.67 ^ output100/A (sky130_fd_sc_hd__clkdlybuf4s50_1)
     1    0.01    0.11    0.58    7.25 ^ output100/X (sky130_fd_sc_hd__clkdlybuf4s50_1)
                                         io_zero (net)
                  0.11    0.00    7.25 ^ io_zero (out)
                                  7.25   data arrival time

                         10.00   10.00   clock clock (rise edge)
                          0.00   10.00   clock network delay (propagated)
                          0.00   10.00   clock reconvergence pessimism
                         -2.00    8.00   output external delay
                                  8.00   data required time
-----------------------------------------------------------------------------
                                  8.00   data required time
                                 -7.25   data arrival time
-----------------------------------------------------------------------------
                                  0.75   slack (MET)



==========================================================================
finish report_check_types -max_slew -max_cap -max_fanout -violators
--------------------------------------------------------------------------

==========================================================================
finish max_slew_check_slack
--------------------------------------------------------------------------
0.6856427192687988

==========================================================================
finish max_slew_check_limit
--------------------------------------------------------------------------
1.4944789409637451

==========================================================================
finish max_slew_check_slack_limit
--------------------------------------------------------------------------
0.4588

==========================================================================
finish max_fanout_check_slack
--------------------------------------------------------------------------
1.0000000150474662e+30

==========================================================================
finish max_fanout_check_limit
--------------------------------------------------------------------------
1.0000000150474662e+30

==========================================================================
finish max_capacitance_check_slack
--------------------------------------------------------------------------
0.014777401462197304

==========================================================================
finish max_capacitance_check_limit
--------------------------------------------------------------------------
0.021067000925540924

==========================================================================
finish max_capacitance_check_slack_limit
--------------------------------------------------------------------------
0.7014

==========================================================================
finish max_slew_violation_count
--------------------------------------------------------------------------
max slew violation count 0

==========================================================================
finish max_fanout_violation_count
--------------------------------------------------------------------------
max fanout violation count 0

==========================================================================
finish max_cap_violation_count
--------------------------------------------------------------------------
max cap violation count 0

==========================================================================
finish setup_violation_count
--------------------------------------------------------------------------
setup violation count 0

==========================================================================
finish hold_violation_count
--------------------------------------------------------------------------
hold violation count 0

==========================================================================
finish critical path delay
--------------------------------------------------------------------------
7.2508

==========================================================================
finish critical path slack
--------------------------------------------------------------------------
0.7492

==========================================================================
finish slack div critical path delay
--------------------------------------------------------------------------
10.332653

==========================================================================
finish report_power
--------------------------------------------------------------------------
Group                  Internal  Switching    Leakage      Total
                          Power      Power      Power      Power (Watts)
----------------------------------------------------------------
Sequential             0.00e+00   0.00e+00   0.00e+00   0.00e+00   0.0%
Combinational          1.70e-04   2.56e-04   2.94e-09   4.27e-04 100.0%
Clock                  1.63e-11   0.00e+00   9.64e-15   1.63e-11   0.0%
Macro                  0.00e+00   0.00e+00   0.00e+00   0.00e+00   0.0%
Pad                    0.00e+00   0.00e+00   0.00e+00   0.00e+00   0.0%
----------------------------------------------------------------
Total                  1.70e-04   2.56e-04   2.94e-09   4.27e-04 100.0%
                          39.9%      60.1%       0.0%
