
==========================================================================
global place report_tns
--------------------------------------------------------------------------
tns max 0.00

==========================================================================
global place report_wns
--------------------------------------------------------------------------
wns max 0.00

==========================================================================
global place report_worst_slack
--------------------------------------------------------------------------
worst slack max 9.70

==========================================================================
global place report_clock_min_period
--------------------------------------------------------------------------
core_clock period_min = 10.30 fmax = 97.12

==========================================================================
global place report_checks -path_delay min
--------------------------------------------------------------------------
Startpoint: intsink/SynchronizerShiftReg_w1_d3/sync_2$_DFF_P_
            (rising edge-triggered flip-flop clocked by core_clock)
Endpoint: intsink/SynchronizerShiftReg_w1_d3/sync_1$_DFF_P_
          (rising edge-triggered flip-flop clocked by core_clock)
Path Group: core_clock
Path Type: min

Fanout     Cap    Slew   Delay    Time   Description
-----------------------------------------------------------------------------
                  0.00    0.00    0.00   clock core_clock (rise edge)
                          0.00    0.00   clock network delay (ideal)
                  0.00    0.00    0.00 ^ intsink/SynchronizerShiftReg_w1_d3/sync_2$_DFF_P_/CLK (sky130_fd_sc_hd__dfxtp_1)
     1    0.00    0.04    0.29    0.29 ^ intsink/SynchronizerShiftReg_w1_d3/sync_2$_DFF_P_/Q (sky130_fd_sc_hd__dfxtp_1)
                                         intsink/SynchronizerShiftReg_w1_d3/sync_2 (net)
                  0.04    0.00    0.29 ^ intsink/SynchronizerShiftReg_w1_d3/sync_1$_DFF_P_/D (sky130_fd_sc_hd__dfxtp_1)
                                  0.29   data arrival time

                  0.00    0.00    0.00   clock core_clock (rise edge)
                          0.00    0.00   clock network delay (ideal)
                          0.10    0.10   clock uncertainty
                          0.00    0.10   clock reconvergence pessimism
                                  0.10 ^ intsink/SynchronizerShiftReg_w1_d3/sync_1$_DFF_P_/CLK (sky130_fd_sc_hd__dfxtp_1)
                         -0.04    0.06   library hold time
                                  0.06   data required time
-----------------------------------------------------------------------------
                                  0.06   data required time
                                 -0.29   data arrival time
-----------------------------------------------------------------------------
                                  0.22   slack (MET)



==========================================================================
global place report_checks -path_delay max
--------------------------------------------------------------------------
Startpoint: frontend/s2_pc[1]$_SDFFE_PP0N_
            (rising edge-triggered flip-flop clocked by core_clock)
Endpoint: frontend/fq/_T_2_2_data[30]$_DFFE_PP_
          (rising edge-triggered flip-flop clocked by core_clock)
Path Group: core_clock
Path Type: max

Fanout     Cap    Slew   Delay    Time   Description
-----------------------------------------------------------------------------
                  0.00    0.00    0.00   clock core_clock (rise edge)
                          0.00    0.00   clock network delay (ideal)
                  0.00    0.00    0.00 ^ frontend/s2_pc[1]$_SDFFE_PP0N_/CLK (sky130_fd_sc_hd__dfxtp_1)
     7    0.02    0.20    0.40    0.40 ^ frontend/s2_pc[1]$_SDFFE_PP0N_/Q (sky130_fd_sc_hd__dfxtp_1)
                                         frontend/fq_io_enq_bits_pc[1] (net)
                  0.20    0.00    0.40 ^ frontend/fq/_677_/A0 (sky130_fd_sc_hd__mux2_2)
     7    0.05    0.28    0.37    0.77 ^ frontend/fq/_677_/X (sky130_fd_sc_hd__mux2_2)
                                         core_io_imem_resp_bits_pc[1] (net)
                  0.28    0.00    0.78 ^ core/ibuf/_261_/B (sky130_fd_sc_hd__ha_1)
     1    0.00    0.06    0.21    0.99 ^ core/ibuf/_261_/COUT (sky130_fd_sc_hd__ha_1)
                                         core/ibuf/_019_ (net)
                  0.06    0.00    0.99 ^ core/ibuf/place1891/A (sky130_fd_sc_hd__buf_4)
    17    0.12    0.32    0.31    1.30 ^ core/ibuf/place1891/X (sky130_fd_sc_hd__buf_4)
                                         core/ibuf/net1890 (net)
                  0.32    0.01    1.31 ^ core/ibuf/_171_/S (sky130_fd_sc_hd__mux2i_1)
     1    0.01    0.11    0.17    1.47 v core/ibuf/_171_/Y (sky130_fd_sc_hd__mux2i_1)
                                         core/ibuf/_041_ (net)
                  0.11    0.00    1.47 v core/ibuf/_173_/A2 (sky130_fd_sc_hd__o21ai_4)
     1    0.01    0.15    0.18    1.65 ^ core/ibuf/_173_/Y (sky130_fd_sc_hd__o21ai_4)
                                         core/ibuf_io_inst_0_bits_raw[14] (net)
                  0.15    0.00    1.65 ^ core/place1762/A (sky130_fd_sc_hd__buf_4)
    29    0.16    0.43    0.41    2.06 ^ core/place1762/X (sky130_fd_sc_hd__buf_4)
                                         core/net1761 (net)
                  0.43    0.02    2.08 ^ core/place1761/A (sky130_fd_sc_hd__buf_4)
    23    0.16    0.43    0.48    2.56 ^ core/place1761/X (sky130_fd_sc_hd__buf_4)
                                         core/net1760 (net)
                  0.43    0.00    2.56 ^ core/ibuf/RVCExpander/_0627_/A_N (sky130_fd_sc_hd__nand2b_1)
    10    0.05    0.55    0.52    3.08 ^ core/ibuf/RVCExpander/_0627_/Y (sky130_fd_sc_hd__nand2b_1)
                                         core/ibuf/RVCExpander/_0116_ (net)
                  0.55    0.00    3.08 ^ core/ibuf/RVCExpander/_0629_/B (sky130_fd_sc_hd__nor2_1)
     5    0.03    0.21    0.26    3.34 v core/ibuf/RVCExpander/_0629_/Y (sky130_fd_sc_hd__nor2_1)
                                         core/ibuf/RVCExpander/_0118_ (net)
                  0.21    0.00    3.34 v core/ibuf/RVCExpander/_0953_/C1 (sky130_fd_sc_hd__a221oi_1)
     2    0.01    0.50    0.47    3.82 ^ core/ibuf/RVCExpander/_0953_/Y (sky130_fd_sc_hd__a221oi_1)
                                         core/ibuf/RVCExpander/_0413_ (net)
                  0.50    0.00    3.82 ^ core/ibuf/RVCExpander/_0960_/A (sky130_fd_sc_hd__nand4_1)
     1    0.01    0.17    0.19    4.01 v core/ibuf/RVCExpander/_0960_/Y (sky130_fd_sc_hd__nand4_1)
                                         core/ibuf/RVCExpander/_0420_ (net)
                  0.17    0.00    4.01 v core/ibuf/RVCExpander/_0966_/B1 (sky130_fd_sc_hd__a221o_1)
     1    0.00    0.05    0.33    4.33 v core/ibuf/RVCExpander/_0966_/X (sky130_fd_sc_hd__a221o_1)
                                         core/ibuf_io_inst_0_bits_inst_bits[3] (net)
                  0.05    0.00    4.33 v core/place1524/A (sky130_fd_sc_hd__buf_4)
    22    0.11    0.14    0.23    4.56 v core/place1524/X (sky130_fd_sc_hd__buf_4)
                                         core/net1523 (net)
                  0.14    0.01    4.58 v core/_6223_/C_N (sky130_fd_sc_hd__nor3b_1)
     1    0.00    0.07    0.17    4.75 v core/_6223_/Y (sky130_fd_sc_hd__nor3b_1)
                                         core/_2746_ (net)
                  0.07    0.00    4.75 v core/_6225_/B1 (sky130_fd_sc_hd__o22ai_1)
     2    0.03    0.68    0.54    5.29 ^ core/_6225_/Y (sky130_fd_sc_hd__o22ai_1)
                                         core/id_ctrl_wxd (net)
                  0.68    0.00    5.29 ^ core/_6234_/B1 (sky130_fd_sc_hd__o21ai_1)
     4    0.02    0.24    0.31    5.60 v core/_6234_/Y (sky130_fd_sc_hd__o21ai_1)
                                         core/_2756_ (net)
                  0.24    0.00    5.60 v core/_6243_/A (sky130_fd_sc_hd__nor4_1)
     1    0.01    0.44    0.50    6.11 ^ core/_6243_/Y (sky130_fd_sc_hd__nor4_1)
                                         core/_2765_ (net)
                  0.44    0.00    6.11 ^ core/_6244_/C1 (sky130_fd_sc_hd__a221oi_1)
     1    0.00    0.12    0.10    6.21 v core/_6244_/Y (sky130_fd_sc_hd__a221oi_1)
                                         core/_2766_ (net)
                  0.12    0.00    6.21 v core/_6245_/B (sky130_fd_sc_hd__nor2_1)
     2    0.03    0.56    0.47    6.67 ^ core/_6245_/Y (sky130_fd_sc_hd__nor2_1)
                                         core/_2767_ (net)
                  0.56    0.00    6.68 ^ core/_6512_/A1 (sky130_fd_sc_hd__a221oi_1)
     2    0.00    0.15    0.20    6.88 v core/_6512_/Y (sky130_fd_sc_hd__a221oi_1)
                                         core/_3020_ (net)
                  0.15    0.00    6.88 v core/_6581_/A (sky130_fd_sc_hd__and3_1)
     4    0.03    0.16    0.30    7.18 v core/_6581_/X (sky130_fd_sc_hd__and3_1)
                                         core/ibuf_io_inst_0_ready (net)
                  0.16    0.00    7.18 v core/ibuf/_224_/A (sky130_fd_sc_hd__and3_1)
     1    0.00    0.04    0.20    7.38 v core/ibuf/_224_/X (sky130_fd_sc_hd__and3_1)
                                         core/ibuf/_076_ (net)
                  0.04    0.00    7.38 v core/ibuf/_225_/B1 (sky130_fd_sc_hd__a22oi_2)
     2    0.02    0.25    0.21    7.59 ^ core/ibuf/_225_/Y (sky130_fd_sc_hd__a22oi_2)
                                         core/ibuf/_077_ (net)
                  0.25    0.00    7.59 ^ core/ibuf/_226_/B1 (sky130_fd_sc_hd__a21oi_1)
     1    0.01    0.08    0.10    7.69 v core/ibuf/_226_/Y (sky130_fd_sc_hd__a21oi_1)
                                         core_io_imem_resp_ready (net)
                  0.08    0.00    7.69 v frontend/fq/place1327/A (sky130_fd_sc_hd__buf_4)
    10    0.05    0.08    0.20    7.89 v frontend/fq/place1327/X (sky130_fd_sc_hd__buf_4)
                                         frontend/fq/net1326 (net)
                  0.08    0.00    7.89 v frontend/fq/_697_/B (sky130_fd_sc_hd__nor3b_2)
     4    0.01    0.26    0.27    8.16 ^ frontend/fq/_697_/Y (sky130_fd_sc_hd__nor3b_2)
                                         frontend/fq/_280_ (net)
                  0.26    0.00    8.16 ^ frontend/fq/_707_/B (sky130_fd_sc_hd__nand2_1)
     2    0.01    0.16    0.16    8.32 v frontend/fq/_707_/Y (sky130_fd_sc_hd__nand2_1)
                                         frontend/fq/_288_ (net)
                  0.16    0.00    8.32 v frontend/fq/_708_/B1 (sky130_fd_sc_hd__o22ai_4)
     9    0.06    0.46    0.40    8.73 ^ frontend/fq/_708_/Y (sky130_fd_sc_hd__o22ai_4)
                                         frontend/fq/_T_48 (net)
                  0.46    0.00    8.73 ^ frontend/fq/place1315/A (sky130_fd_sc_hd__buf_4)
    29    0.18    0.49    0.52    9.25 ^ frontend/fq/place1315/X (sky130_fd_sc_hd__buf_4)
                                         frontend/fq/net1314 (net)
                  0.49    0.00    9.25 ^ frontend/fq/place1314/A (sky130_fd_sc_hd__buf_4)
    30    0.20    0.53    0.56    9.81 ^ frontend/fq/place1314/X (sky130_fd_sc_hd__buf_4)
                                         frontend/fq/net1313 (net)
                  0.53    0.01    9.82 ^ frontend/fq/_T_2_2_data[30]$_DFFE_PP_/DE (sky130_fd_sc_hd__edfxtp_1)
                                  9.82   data arrival time

                  0.00   20.00   20.00   clock core_clock (rise edge)
                          0.00   20.00   clock network delay (ideal)
                         -0.10   19.90   clock uncertainty
                          0.00   19.90   clock reconvergence pessimism
                                 19.90 ^ frontend/fq/_T_2_2_data[30]$_DFFE_PP_/CLK (sky130_fd_sc_hd__edfxtp_1)
                         -0.37   19.53   library setup time
                                 19.53   data required time
-----------------------------------------------------------------------------
                                 19.53   data required time
                                 -9.82   data arrival time
-----------------------------------------------------------------------------
                                  9.70   slack (MET)



==========================================================================
global place report_checks -unconstrained
--------------------------------------------------------------------------
Startpoint: frontend/s2_pc[1]$_SDFFE_PP0N_
            (rising edge-triggered flip-flop clocked by core_clock)
Endpoint: frontend/fq/_T_2_2_data[30]$_DFFE_PP_
          (rising edge-triggered flip-flop clocked by core_clock)
Path Group: core_clock
Path Type: max

Fanout     Cap    Slew   Delay    Time   Description
-----------------------------------------------------------------------------
                  0.00    0.00    0.00   clock core_clock (rise edge)
                          0.00    0.00   clock network delay (ideal)
                  0.00    0.00    0.00 ^ frontend/s2_pc[1]$_SDFFE_PP0N_/CLK (sky130_fd_sc_hd__dfxtp_1)
     7    0.02    0.20    0.40    0.40 ^ frontend/s2_pc[1]$_SDFFE_PP0N_/Q (sky130_fd_sc_hd__dfxtp_1)
                                         frontend/fq_io_enq_bits_pc[1] (net)
                  0.20    0.00    0.40 ^ frontend/fq/_677_/A0 (sky130_fd_sc_hd__mux2_2)
     7    0.05    0.28    0.37    0.77 ^ frontend/fq/_677_/X (sky130_fd_sc_hd__mux2_2)
                                         core_io_imem_resp_bits_pc[1] (net)
                  0.28    0.00    0.78 ^ core/ibuf/_261_/B (sky130_fd_sc_hd__ha_1)
     1    0.00    0.06    0.21    0.99 ^ core/ibuf/_261_/COUT (sky130_fd_sc_hd__ha_1)
                                         core/ibuf/_019_ (net)
                  0.06    0.00    0.99 ^ core/ibuf/place1891/A (sky130_fd_sc_hd__buf_4)
    17    0.12    0.32    0.31    1.30 ^ core/ibuf/place1891/X (sky130_fd_sc_hd__buf_4)
                                         core/ibuf/net1890 (net)
                  0.32    0.01    1.31 ^ core/ibuf/_171_/S (sky130_fd_sc_hd__mux2i_1)
     1    0.01    0.11    0.17    1.47 v core/ibuf/_171_/Y (sky130_fd_sc_hd__mux2i_1)
                                         core/ibuf/_041_ (net)
                  0.11    0.00    1.47 v core/ibuf/_173_/A2 (sky130_fd_sc_hd__o21ai_4)
     1    0.01    0.15    0.18    1.65 ^ core/ibuf/_173_/Y (sky130_fd_sc_hd__o21ai_4)
                                         core/ibuf_io_inst_0_bits_raw[14] (net)
                  0.15    0.00    1.65 ^ core/place1762/A (sky130_fd_sc_hd__buf_4)
    29    0.16    0.43    0.41    2.06 ^ core/place1762/X (sky130_fd_sc_hd__buf_4)
                                         core/net1761 (net)
                  0.43    0.02    2.08 ^ core/place1761/A (sky130_fd_sc_hd__buf_4)
    23    0.16    0.43    0.48    2.56 ^ core/place1761/X (sky130_fd_sc_hd__buf_4)
                                         core/net1760 (net)
                  0.43    0.00    2.56 ^ core/ibuf/RVCExpander/_0627_/A_N (sky130_fd_sc_hd__nand2b_1)
    10    0.05    0.55    0.52    3.08 ^ core/ibuf/RVCExpander/_0627_/Y (sky130_fd_sc_hd__nand2b_1)
                                         core/ibuf/RVCExpander/_0116_ (net)
                  0.55    0.00    3.08 ^ core/ibuf/RVCExpander/_0629_/B (sky130_fd_sc_hd__nor2_1)
     5    0.03    0.21    0.26    3.34 v core/ibuf/RVCExpander/_0629_/Y (sky130_fd_sc_hd__nor2_1)
                                         core/ibuf/RVCExpander/_0118_ (net)
                  0.21    0.00    3.34 v core/ibuf/RVCExpander/_0953_/C1 (sky130_fd_sc_hd__a221oi_1)
     2    0.01    0.50    0.47    3.82 ^ core/ibuf/RVCExpander/_0953_/Y (sky130_fd_sc_hd__a221oi_1)
                                         core/ibuf/RVCExpander/_0413_ (net)
                  0.50    0.00    3.82 ^ core/ibuf/RVCExpander/_0960_/A (sky130_fd_sc_hd__nand4_1)
     1    0.01    0.17    0.19    4.01 v core/ibuf/RVCExpander/_0960_/Y (sky130_fd_sc_hd__nand4_1)
                                         core/ibuf/RVCExpander/_0420_ (net)
                  0.17    0.00    4.01 v core/ibuf/RVCExpander/_0966_/B1 (sky130_fd_sc_hd__a221o_1)
     1    0.00    0.05    0.33    4.33 v core/ibuf/RVCExpander/_0966_/X (sky130_fd_sc_hd__a221o_1)
                                         core/ibuf_io_inst_0_bits_inst_bits[3] (net)
                  0.05    0.00    4.33 v core/place1524/A (sky130_fd_sc_hd__buf_4)
    22    0.11    0.14    0.23    4.56 v core/place1524/X (sky130_fd_sc_hd__buf_4)
                                         core/net1523 (net)
                  0.14    0.01    4.58 v core/_6223_/C_N (sky130_fd_sc_hd__nor3b_1)
     1    0.00    0.07    0.17    4.75 v core/_6223_/Y (sky130_fd_sc_hd__nor3b_1)
                                         core/_2746_ (net)
                  0.07    0.00    4.75 v core/_6225_/B1 (sky130_fd_sc_hd__o22ai_1)
     2    0.03    0.68    0.54    5.29 ^ core/_6225_/Y (sky130_fd_sc_hd__o22ai_1)
                                         core/id_ctrl_wxd (net)
                  0.68    0.00    5.29 ^ core/_6234_/B1 (sky130_fd_sc_hd__o21ai_1)
     4    0.02    0.24    0.31    5.60 v core/_6234_/Y (sky130_fd_sc_hd__o21ai_1)
                                         core/_2756_ (net)
                  0.24    0.00    5.60 v core/_6243_/A (sky130_fd_sc_hd__nor4_1)
     1    0.01    0.44    0.50    6.11 ^ core/_6243_/Y (sky130_fd_sc_hd__nor4_1)
                                         core/_2765_ (net)
                  0.44    0.00    6.11 ^ core/_6244_/C1 (sky130_fd_sc_hd__a221oi_1)
     1    0.00    0.12    0.10    6.21 v core/_6244_/Y (sky130_fd_sc_hd__a221oi_1)
                                         core/_2766_ (net)
                  0.12    0.00    6.21 v core/_6245_/B (sky130_fd_sc_hd__nor2_1)
     2    0.03    0.56    0.47    6.67 ^ core/_6245_/Y (sky130_fd_sc_hd__nor2_1)
                                         core/_2767_ (net)
                  0.56    0.00    6.68 ^ core/_6512_/A1 (sky130_fd_sc_hd__a221oi_1)
     2    0.00    0.15    0.20    6.88 v core/_6512_/Y (sky130_fd_sc_hd__a221oi_1)
                                         core/_3020_ (net)
                  0.15    0.00    6.88 v core/_6581_/A (sky130_fd_sc_hd__and3_1)
     4    0.03    0.16    0.30    7.18 v core/_6581_/X (sky130_fd_sc_hd__and3_1)
                                         core/ibuf_io_inst_0_ready (net)
                  0.16    0.00    7.18 v core/ibuf/_224_/A (sky130_fd_sc_hd__and3_1)
     1    0.00    0.04    0.20    7.38 v core/ibuf/_224_/X (sky130_fd_sc_hd__and3_1)
                                         core/ibuf/_076_ (net)
                  0.04    0.00    7.38 v core/ibuf/_225_/B1 (sky130_fd_sc_hd__a22oi_2)
     2    0.02    0.25    0.21    7.59 ^ core/ibuf/_225_/Y (sky130_fd_sc_hd__a22oi_2)
                                         core/ibuf/_077_ (net)
                  0.25    0.00    7.59 ^ core/ibuf/_226_/B1 (sky130_fd_sc_hd__a21oi_1)
     1    0.01    0.08    0.10    7.69 v core/ibuf/_226_/Y (sky130_fd_sc_hd__a21oi_1)
                                         core_io_imem_resp_ready (net)
                  0.08    0.00    7.69 v frontend/fq/place1327/A (sky130_fd_sc_hd__buf_4)
    10    0.05    0.08    0.20    7.89 v frontend/fq/place1327/X (sky130_fd_sc_hd__buf_4)
                                         frontend/fq/net1326 (net)
                  0.08    0.00    7.89 v frontend/fq/_697_/B (sky130_fd_sc_hd__nor3b_2)
     4    0.01    0.26    0.27    8.16 ^ frontend/fq/_697_/Y (sky130_fd_sc_hd__nor3b_2)
                                         frontend/fq/_280_ (net)
                  0.26    0.00    8.16 ^ frontend/fq/_707_/B (sky130_fd_sc_hd__nand2_1)
     2    0.01    0.16    0.16    8.32 v frontend/fq/_707_/Y (sky130_fd_sc_hd__nand2_1)
                                         frontend/fq/_288_ (net)
                  0.16    0.00    8.32 v frontend/fq/_708_/B1 (sky130_fd_sc_hd__o22ai_4)
     9    0.06    0.46    0.40    8.73 ^ frontend/fq/_708_/Y (sky130_fd_sc_hd__o22ai_4)
                                         frontend/fq/_T_48 (net)
                  0.46    0.00    8.73 ^ frontend/fq/place1315/A (sky130_fd_sc_hd__buf_4)
    29    0.18    0.49    0.52    9.25 ^ frontend/fq/place1315/X (sky130_fd_sc_hd__buf_4)
                                         frontend/fq/net1314 (net)
                  0.49    0.00    9.25 ^ frontend/fq/place1314/A (sky130_fd_sc_hd__buf_4)
    30    0.20    0.53    0.56    9.81 ^ frontend/fq/place1314/X (sky130_fd_sc_hd__buf_4)
                                         frontend/fq/net1313 (net)
                  0.53    0.01    9.82 ^ frontend/fq/_T_2_2_data[30]$_DFFE_PP_/DE (sky130_fd_sc_hd__edfxtp_1)
                                  9.82   data arrival time

                  0.00   20.00   20.00   clock core_clock (rise edge)
                          0.00   20.00   clock network delay (ideal)
                         -0.10   19.90   clock uncertainty
                          0.00   19.90   clock reconvergence pessimism
                                 19.90 ^ frontend/fq/_T_2_2_data[30]$_DFFE_PP_/CLK (sky130_fd_sc_hd__edfxtp_1)
                         -0.37   19.53   library setup time
                                 19.53   data required time
-----------------------------------------------------------------------------
                                 19.53   data required time
                                 -9.82   data arrival time
-----------------------------------------------------------------------------
                                  9.70   slack (MET)



==========================================================================
global place report_power
--------------------------------------------------------------------------
Group                  Internal  Switching    Leakage      Total
                          Power      Power      Power      Power (Watts)
----------------------------------------------------------------
Sequential             1.09e-02   1.19e-03   3.54e-08   1.21e-02  30.7%
Combinational          9.15e-03   1.73e-02   5.37e-08   2.64e-02  67.3%
Clock                  0.00e+00   0.00e+00   0.00e+00   0.00e+00   0.0%
Macro                  7.59e-04   0.00e+00   1.91e-07   7.59e-04   1.9%
Pad                    0.00e+00   0.00e+00   0.00e+00   0.00e+00   0.0%
----------------------------------------------------------------
Total                  2.08e-02   1.85e-02   2.80e-07   3.92e-02 100.0%
                          53.0%      47.0%       0.0%
