
==========================================================================
cts final report_tns
--------------------------------------------------------------------------
tns max 0.00

==========================================================================
cts final report_wns
--------------------------------------------------------------------------
wns max 0.00

==========================================================================
cts final report_worst_slack
--------------------------------------------------------------------------
worst slack max 9.72

==========================================================================
cts final report_clock_min_period
--------------------------------------------------------------------------
core_clock period_min = 10.28 fmax = 97.29

==========================================================================
cts final report_clock_skew
--------------------------------------------------------------------------
Clock core_clock
   1.33 source latency core/ex_reg_rs_msb_1[3]$_DFFE_PP_/CLK ^
  -1.12 target latency dcache/data/data_arrays_0/data_arrays_0_ext/mem/clk ^
   0.10 clock uncertainty
   0.00 CRPR
--------------
   0.31 setup skew


==========================================================================
cts final report_checks -path_delay min
--------------------------------------------------------------------------
Startpoint: intsink/SynchronizerShiftReg_w1_d3/sync_1$_DFF_P_
            (rising edge-triggered flip-flop clocked by core_clock)
Endpoint: intsink/SynchronizerShiftReg_w1_d3/sync_0$_DFF_P_
          (rising edge-triggered flip-flop clocked by core_clock)
Path Group: core_clock
Path Type: min

Fanout     Cap    Slew   Delay    Time   Description
-----------------------------------------------------------------------------
                          0.00    0.00   clock core_clock (rise edge)
                          0.00    0.00   clock source latency
     2    0.16    0.00    0.00    0.00 ^ clock (in)
                                         clock (net)
                  0.01    0.01    0.01 ^ clkbuf_regs_0_core_clock/A (sky130_fd_sc_hd__clkbuf_16)
     1    0.01    0.03    0.11    0.11 ^ clkbuf_regs_0_core_clock/X (sky130_fd_sc_hd__clkbuf_16)
                                         clock_regs (net)
                  0.03    0.00    0.11 ^ clkbuf_0_clock_regs/A (sky130_fd_sc_hd__clkbuf_16)
     4    0.21    0.22    0.25    0.36 ^ clkbuf_0_clock_regs/X (sky130_fd_sc_hd__clkbuf_16)
                                         clknet_0_clock_regs (net)
                  0.22    0.01    0.37 ^ clkbuf_2_2_0_clock_regs/A (sky130_fd_sc_hd__clkbuf_16)
     8    0.24    0.25    0.34    0.71 ^ clkbuf_2_2_0_clock_regs/X (sky130_fd_sc_hd__clkbuf_16)
                                         clknet_2_2_0_clock_regs (net)
                  0.25    0.01    0.71 ^ clkbuf_5_23__f_clock_regs/A (sky130_fd_sc_hd__clkbuf_16)
    12    0.20    0.21    0.32    1.03 ^ clkbuf_5_23__f_clock_regs/X (sky130_fd_sc_hd__clkbuf_16)
                                         clknet_5_23__leaf_clock_regs (net)
                  0.21    0.00    1.04 ^ clkbuf_leaf_269_clock_regs/A (sky130_fd_sc_hd__clkbuf_16)
     5    0.04    0.06    0.20    1.24 ^ clkbuf_leaf_269_clock_regs/X (sky130_fd_sc_hd__clkbuf_16)
                                         clknet_leaf_269_clock_regs (net)
                  0.06    0.00    1.24 ^ intsink/SynchronizerShiftReg_w1_d3/sync_1$_DFF_P_/CLK (sky130_fd_sc_hd__dfxtp_1)
     1    0.00    0.04    0.31    1.55 ^ intsink/SynchronizerShiftReg_w1_d3/sync_1$_DFF_P_/Q (sky130_fd_sc_hd__dfxtp_1)
                                         intsink/SynchronizerShiftReg_w1_d3/sync_1 (net)
                  0.04    0.00    1.55 ^ intsink/SynchronizerShiftReg_w1_d3/sync_0$_DFF_P_/D (sky130_fd_sc_hd__dfxtp_1)
                                  1.55   data arrival time

                          0.00    0.00   clock core_clock (rise edge)
                          0.00    0.00   clock source latency
     2    0.16    0.00    0.00    0.00 ^ clock (in)
                                         clock (net)
                  0.01    0.01    0.01 ^ clkbuf_regs_0_core_clock/A (sky130_fd_sc_hd__clkbuf_16)
     1    0.01    0.03    0.11    0.11 ^ clkbuf_regs_0_core_clock/X (sky130_fd_sc_hd__clkbuf_16)
                                         clock_regs (net)
                  0.03    0.00    0.11 ^ clkbuf_0_clock_regs/A (sky130_fd_sc_hd__clkbuf_16)
     4    0.21    0.22    0.25    0.36 ^ clkbuf_0_clock_regs/X (sky130_fd_sc_hd__clkbuf_16)
                                         clknet_0_clock_regs (net)
                  0.22    0.01    0.37 ^ clkbuf_2_2_0_clock_regs/A (sky130_fd_sc_hd__clkbuf_16)
     8    0.24    0.25    0.34    0.71 ^ clkbuf_2_2_0_clock_regs/X (sky130_fd_sc_hd__clkbuf_16)
                                         clknet_2_2_0_clock_regs (net)
                  0.25    0.01    0.71 ^ clkbuf_5_23__f_clock_regs/A (sky130_fd_sc_hd__clkbuf_16)
    12    0.20    0.21    0.32    1.03 ^ clkbuf_5_23__f_clock_regs/X (sky130_fd_sc_hd__clkbuf_16)
                                         clknet_5_23__leaf_clock_regs (net)
                  0.21    0.00    1.04 ^ clkbuf_leaf_269_clock_regs/A (sky130_fd_sc_hd__clkbuf_16)
     5    0.04    0.06    0.20    1.24 ^ clkbuf_leaf_269_clock_regs/X (sky130_fd_sc_hd__clkbuf_16)
                                         clknet_leaf_269_clock_regs (net)
                  0.06    0.00    1.24 ^ intsink/SynchronizerShiftReg_w1_d3/sync_0$_DFF_P_/CLK (sky130_fd_sc_hd__dfxtp_1)
                          0.10    1.34   clock uncertainty
                          0.00    1.34   clock reconvergence pessimism
                         -0.03    1.31   library hold time
                                  1.31   data required time
-----------------------------------------------------------------------------
                                  1.31   data required time
                                 -1.55   data arrival time
-----------------------------------------------------------------------------
                                  0.24   slack (MET)



==========================================================================
cts final report_checks -path_delay max
--------------------------------------------------------------------------
Startpoint: frontend/fq/_T_1_0$_SDFF_PP0_
            (rising edge-triggered flip-flop clocked by core_clock)
Endpoint: frontend/fq/_T_2_2_data[3]$_DFFE_PP_
          (rising edge-triggered flip-flop clocked by core_clock)
Path Group: core_clock
Path Type: max

Fanout     Cap    Slew   Delay    Time   Description
-----------------------------------------------------------------------------
                          0.00    0.00   clock core_clock (rise edge)
                          0.00    0.00   clock source latency
     2    0.16    0.00    0.00    0.00 ^ clock (in)
                                         clock (net)
                  0.01    0.01    0.01 ^ clkbuf_regs_0_core_clock/A (sky130_fd_sc_hd__clkbuf_16)
     1    0.01    0.03    0.11    0.11 ^ clkbuf_regs_0_core_clock/X (sky130_fd_sc_hd__clkbuf_16)
                                         clock_regs (net)
                  0.03    0.00    0.11 ^ clkbuf_0_clock_regs/A (sky130_fd_sc_hd__clkbuf_16)
     4    0.21    0.22    0.25    0.36 ^ clkbuf_0_clock_regs/X (sky130_fd_sc_hd__clkbuf_16)
                                         clknet_0_clock_regs (net)
                  0.22    0.01    0.37 ^ clkbuf_2_3_0_clock_regs/A (sky130_fd_sc_hd__clkbuf_16)
     8    0.25    0.26    0.34    0.71 ^ clkbuf_2_3_0_clock_regs/X (sky130_fd_sc_hd__clkbuf_16)
                                         clknet_2_3_0_clock_regs (net)
                  0.26    0.01    0.72 ^ clkbuf_5_27__f_clock_regs/A (sky130_fd_sc_hd__clkbuf_16)
    16    0.23    0.24    0.34    1.06 ^ clkbuf_5_27__f_clock_regs/X (sky130_fd_sc_hd__clkbuf_16)
                                         clknet_5_27__leaf_clock_regs (net)
                  0.24    0.00    1.06 ^ clkbuf_leaf_225_clock_regs/A (sky130_fd_sc_hd__clkbuf_16)
    10    0.04    0.07    0.21    1.27 ^ clkbuf_leaf_225_clock_regs/X (sky130_fd_sc_hd__clkbuf_16)
                                         clknet_leaf_225_clock_regs (net)
                  0.07    0.00    1.27 ^ frontend/fq/_T_1_0$_SDFF_PP0_/CLK (sky130_fd_sc_hd__dfxtp_2)
     2    0.01    0.05    0.33    1.60 ^ frontend/fq/_T_1_0$_SDFF_PP0_/Q (sky130_fd_sc_hd__dfxtp_2)
                                         frontend/fq/_T_1_0 (net)
                  0.05    0.00    1.60 ^ frontend/fq/place2129/A (sky130_fd_sc_hd__buf_4)
    33    0.21    0.57    0.48    2.08 ^ frontend/fq/place2129/X (sky130_fd_sc_hd__buf_4)
                                         frontend/fq/net2128 (net)
                  0.57    0.01    2.09 ^ frontend/fq/place2128/A (sky130_fd_sc_hd__buf_4)
    38    0.24    0.65    0.65    2.74 ^ frontend/fq/place2128/X (sky130_fd_sc_hd__buf_4)
                                         frontend/fq/net2127 (net)
                  0.65    0.00    2.75 ^ frontend/fq/_620_/S (sky130_fd_sc_hd__mux2_2)
     3    0.02    0.09    0.47    3.22 v frontend/fq/_620_/X (sky130_fd_sc_hd__mux2_2)
                                         core_io_imem_resp_bits_data[22] (net)
                  0.09    0.00    3.22 v core/ibuf/_196_/A1 (sky130_fd_sc_hd__mux2i_1)
     1    0.01    0.21    0.22    3.44 ^ core/ibuf/_196_/Y (sky130_fd_sc_hd__mux2i_1)
                                         core/ibuf/_058_ (net)
                  0.21    0.00    3.44 ^ core/ibuf/_198_/A2 (sky130_fd_sc_hd__o21ai_2)
     1    0.00    0.07    0.08    3.51 v core/ibuf/_198_/Y (sky130_fd_sc_hd__o21ai_2)
                                         core/ibuf_io_inst_0_bits_raw[6] (net)
                  0.07    0.00    3.51 v core/place1752/A (sky130_fd_sc_hd__buf_4)
    15    0.13    0.17    0.26    3.77 v core/place1752/X (sky130_fd_sc_hd__buf_4)
                                         core/net1751 (net)
                  0.18    0.02    3.79 v core/ibuf/RVCExpander/_0512_/A (sky130_fd_sc_hd__nor4_4)
     5    0.02    0.36    0.44    4.23 ^ core/ibuf/RVCExpander/_0512_/Y (sky130_fd_sc_hd__nor4_4)
                                         core/ibuf/RVCExpander/_0007_ (net)
                  0.36    0.00    4.23 ^ core/ibuf/RVCExpander/_0555_/B (sky130_fd_sc_hd__and2_0)
     7    0.04    0.60    0.57    4.80 ^ core/ibuf/RVCExpander/_0555_/X (sky130_fd_sc_hd__and2_0)
                                         core/ibuf/RVCExpander/_0047_ (net)
                  0.60    0.00    4.80 ^ core/ibuf/RVCExpander/_0943_/A1 (sky130_fd_sc_hd__a21oi_1)
     2    0.02    0.23    0.29    5.09 v core/ibuf/RVCExpander/_0943_/Y (sky130_fd_sc_hd__a21oi_1)
                                         core/ibuf/RVCExpander/_0405_ (net)
                  0.23    0.00    5.10 v core/ibuf/RVCExpander/_0964_/D1 (sky130_fd_sc_hd__a2111oi_2)
     1    0.01    0.31    0.31    5.40 ^ core/ibuf/RVCExpander/_0964_/Y (sky130_fd_sc_hd__a2111oi_2)
                                         core/ibuf/RVCExpander/_0424_ (net)
                  0.31    0.00    5.40 ^ core/ibuf/RVCExpander/_0966_/B2 (sky130_fd_sc_hd__a221o_1)
     1    0.00    0.05    0.19    5.59 ^ core/ibuf/RVCExpander/_0966_/X (sky130_fd_sc_hd__a221o_1)
                                         core/ibuf_io_inst_0_bits_inst_bits[3] (net)
                  0.05    0.00    5.59 ^ core/place1524/A (sky130_fd_sc_hd__buf_4)
    22    0.11    0.31    0.29    5.89 ^ core/place1524/X (sky130_fd_sc_hd__buf_4)
                                         core/net1523 (net)
                  0.31    0.01    5.90 ^ core/_6224_/B (sky130_fd_sc_hd__nor3b_1)
     1    0.00    0.07    0.09    5.99 v core/_6224_/Y (sky130_fd_sc_hd__nor3b_1)
                                         core/_2747_ (net)
                  0.07    0.00    5.99 v core/_6225_/B2 (sky130_fd_sc_hd__o22ai_1)
     2    0.03    0.68    0.53    6.52 ^ core/_6225_/Y (sky130_fd_sc_hd__o22ai_1)
                                         core/id_ctrl_wxd (net)
                  0.68    0.00    6.52 ^ core/_6234_/B1 (sky130_fd_sc_hd__o21ai_1)
     4    0.02    0.24    0.30    6.82 v core/_6234_/Y (sky130_fd_sc_hd__o21ai_1)
                                         core/_2756_ (net)
                  0.24    0.00    6.82 v core/_6243_/A (sky130_fd_sc_hd__nor4_1)
     1    0.01    0.41    0.48    7.30 ^ core/_6243_/Y (sky130_fd_sc_hd__nor4_1)
                                         core/_2765_ (net)
                  0.41    0.00    7.30 ^ core/_6244_/C1 (sky130_fd_sc_hd__a221oi_1)
     1    0.00    0.12    0.10    7.40 v core/_6244_/Y (sky130_fd_sc_hd__a221oi_1)
                                         core/_2766_ (net)
                  0.12    0.00    7.40 v core/_6245_/B (sky130_fd_sc_hd__nor2_1)
     2    0.03    0.60    0.49    7.90 ^ core/_6245_/Y (sky130_fd_sc_hd__nor2_1)
                                         core/_2767_ (net)
                  0.60    0.00    7.90 ^ core/_6512_/A1 (sky130_fd_sc_hd__a221oi_1)
     2    0.00    0.15    0.20    8.10 v core/_6512_/Y (sky130_fd_sc_hd__a221oi_1)
                                         core/_3020_ (net)
                  0.15    0.00    8.10 v core/_6581_/A (sky130_fd_sc_hd__and3_1)
     4    0.03    0.17    0.31    8.41 v core/_6581_/X (sky130_fd_sc_hd__and3_1)
                                         core/ibuf_io_inst_0_ready (net)
                  0.17    0.00    8.41 v core/ibuf/_224_/A (sky130_fd_sc_hd__and3_1)
     1    0.00    0.05    0.20    8.62 v core/ibuf/_224_/X (sky130_fd_sc_hd__and3_1)
                                         core/ibuf/_076_ (net)
                  0.05    0.00    8.62 v core/ibuf/_225_/B1 (sky130_fd_sc_hd__a22oi_2)
     2    0.02    0.25    0.21    8.83 ^ core/ibuf/_225_/Y (sky130_fd_sc_hd__a22oi_2)
                                         core/ibuf/_077_ (net)
                  0.25    0.00    8.83 ^ core/ibuf/_226_/B1 (sky130_fd_sc_hd__a21oi_1)
     1    0.01    0.09    0.10    8.93 v core/ibuf/_226_/Y (sky130_fd_sc_hd__a21oi_1)
                                         core_io_imem_resp_ready (net)
                  0.09    0.00    8.93 v frontend/fq/place1327/A (sky130_fd_sc_hd__buf_4)
    10    0.05    0.08    0.20    9.13 v frontend/fq/place1327/X (sky130_fd_sc_hd__buf_4)
                                         frontend/fq/net1326 (net)
                  0.08    0.00    9.13 v frontend/fq/_697_/B (sky130_fd_sc_hd__nor3b_2)
     4    0.01    0.27    0.27    9.41 ^ frontend/fq/_697_/Y (sky130_fd_sc_hd__nor3b_2)
                                         frontend/fq/_280_ (net)
                  0.27    0.00    9.41 ^ frontend/fq/_707_/B (sky130_fd_sc_hd__nand2_1)
     2    0.01    0.16    0.16    9.57 v frontend/fq/_707_/Y (sky130_fd_sc_hd__nand2_1)
                                         frontend/fq/_288_ (net)
                  0.16    0.00    9.57 v frontend/fq/_708_/B1 (sky130_fd_sc_hd__o22ai_4)
     9    0.06    0.48    0.42    9.99 ^ frontend/fq/_708_/Y (sky130_fd_sc_hd__o22ai_4)
                                         frontend/fq/_T_48 (net)
                  0.48    0.00    9.99 ^ frontend/fq/place1315/A (sky130_fd_sc_hd__buf_4)
    29    0.18    0.48    0.52   10.51 ^ frontend/fq/place1315/X (sky130_fd_sc_hd__buf_4)
                                         frontend/fq/net1314 (net)
                  0.48    0.01   10.51 ^ frontend/fq/place1314/A (sky130_fd_sc_hd__buf_4)
    30    0.20    0.54    0.56   11.07 ^ frontend/fq/place1314/X (sky130_fd_sc_hd__buf_4)
                                         frontend/fq/net1313 (net)
                  0.54    0.01   11.08 ^ frontend/fq/_T_2_2_data[3]$_DFFE_PP_/DE (sky130_fd_sc_hd__edfxtp_1)
                                 11.08   data arrival time

                         20.00   20.00   clock core_clock (rise edge)
                          0.00   20.00   clock source latency
     2    0.16    0.00    0.00   20.00 ^ clock (in)
                                         clock (net)
                  0.01    0.01   20.01 ^ clkbuf_regs_0_core_clock/A (sky130_fd_sc_hd__clkbuf_16)
     1    0.01    0.03    0.11   20.11 ^ clkbuf_regs_0_core_clock/X (sky130_fd_sc_hd__clkbuf_16)
                                         clock_regs (net)
                  0.03    0.00   20.11 ^ clkbuf_0_clock_regs/A (sky130_fd_sc_hd__clkbuf_16)
     4    0.21    0.22    0.25   20.36 ^ clkbuf_0_clock_regs/X (sky130_fd_sc_hd__clkbuf_16)
                                         clknet_0_clock_regs (net)
                  0.22    0.01   20.37 ^ clkbuf_2_3_0_clock_regs/A (sky130_fd_sc_hd__clkbuf_16)
     8    0.25    0.26    0.34   20.71 ^ clkbuf_2_3_0_clock_regs/X (sky130_fd_sc_hd__clkbuf_16)
                                         clknet_2_3_0_clock_regs (net)
                  0.26    0.01   20.72 ^ clkbuf_5_27__f_clock_regs/A (sky130_fd_sc_hd__clkbuf_16)
    16    0.23    0.24    0.34   21.06 ^ clkbuf_5_27__f_clock_regs/X (sky130_fd_sc_hd__clkbuf_16)
                                         clknet_5_27__leaf_clock_regs (net)
                  0.24    0.00   21.06 ^ clkbuf_leaf_180_clock_regs/A (sky130_fd_sc_hd__clkbuf_16)
    11    0.04    0.06    0.20   21.26 ^ clkbuf_leaf_180_clock_regs/X (sky130_fd_sc_hd__clkbuf_16)
                                         clknet_leaf_180_clock_regs (net)
                  0.06    0.00   21.27 ^ frontend/fq/_T_2_2_data[3]$_DFFE_PP_/CLK (sky130_fd_sc_hd__edfxtp_1)
                         -0.10   21.17   clock uncertainty
                          0.00   21.17   clock reconvergence pessimism
                         -0.36   20.81   library setup time
                                 20.81   data required time
-----------------------------------------------------------------------------
                                 20.81   data required time
                                -11.08   data arrival time
-----------------------------------------------------------------------------
                                  9.72   slack (MET)



==========================================================================
cts final report_checks -unconstrained
--------------------------------------------------------------------------
Startpoint: frontend/fq/_T_1_0$_SDFF_PP0_
            (rising edge-triggered flip-flop clocked by core_clock)
Endpoint: frontend/fq/_T_2_2_data[3]$_DFFE_PP_
          (rising edge-triggered flip-flop clocked by core_clock)
Path Group: core_clock
Path Type: max

Fanout     Cap    Slew   Delay    Time   Description
-----------------------------------------------------------------------------
                          0.00    0.00   clock core_clock (rise edge)
                          0.00    0.00   clock source latency
     2    0.16    0.00    0.00    0.00 ^ clock (in)
                                         clock (net)
                  0.01    0.01    0.01 ^ clkbuf_regs_0_core_clock/A (sky130_fd_sc_hd__clkbuf_16)
     1    0.01    0.03    0.11    0.11 ^ clkbuf_regs_0_core_clock/X (sky130_fd_sc_hd__clkbuf_16)
                                         clock_regs (net)
                  0.03    0.00    0.11 ^ clkbuf_0_clock_regs/A (sky130_fd_sc_hd__clkbuf_16)
     4    0.21    0.22    0.25    0.36 ^ clkbuf_0_clock_regs/X (sky130_fd_sc_hd__clkbuf_16)
                                         clknet_0_clock_regs (net)
                  0.22    0.01    0.37 ^ clkbuf_2_3_0_clock_regs/A (sky130_fd_sc_hd__clkbuf_16)
     8    0.25    0.26    0.34    0.71 ^ clkbuf_2_3_0_clock_regs/X (sky130_fd_sc_hd__clkbuf_16)
                                         clknet_2_3_0_clock_regs (net)
                  0.26    0.01    0.72 ^ clkbuf_5_27__f_clock_regs/A (sky130_fd_sc_hd__clkbuf_16)
    16    0.23    0.24    0.34    1.06 ^ clkbuf_5_27__f_clock_regs/X (sky130_fd_sc_hd__clkbuf_16)
                                         clknet_5_27__leaf_clock_regs (net)
                  0.24    0.00    1.06 ^ clkbuf_leaf_225_clock_regs/A (sky130_fd_sc_hd__clkbuf_16)
    10    0.04    0.07    0.21    1.27 ^ clkbuf_leaf_225_clock_regs/X (sky130_fd_sc_hd__clkbuf_16)
                                         clknet_leaf_225_clock_regs (net)
                  0.07    0.00    1.27 ^ frontend/fq/_T_1_0$_SDFF_PP0_/CLK (sky130_fd_sc_hd__dfxtp_2)
     2    0.01    0.05    0.33    1.60 ^ frontend/fq/_T_1_0$_SDFF_PP0_/Q (sky130_fd_sc_hd__dfxtp_2)
                                         frontend/fq/_T_1_0 (net)
                  0.05    0.00    1.60 ^ frontend/fq/place2129/A (sky130_fd_sc_hd__buf_4)
    33    0.21    0.57    0.48    2.08 ^ frontend/fq/place2129/X (sky130_fd_sc_hd__buf_4)
                                         frontend/fq/net2128 (net)
                  0.57    0.01    2.09 ^ frontend/fq/place2128/A (sky130_fd_sc_hd__buf_4)
    38    0.24    0.65    0.65    2.74 ^ frontend/fq/place2128/X (sky130_fd_sc_hd__buf_4)
                                         frontend/fq/net2127 (net)
                  0.65    0.00    2.75 ^ frontend/fq/_620_/S (sky130_fd_sc_hd__mux2_2)
     3    0.02    0.09    0.47    3.22 v frontend/fq/_620_/X (sky130_fd_sc_hd__mux2_2)
                                         core_io_imem_resp_bits_data[22] (net)
                  0.09    0.00    3.22 v core/ibuf/_196_/A1 (sky130_fd_sc_hd__mux2i_1)
     1    0.01    0.21    0.22    3.44 ^ core/ibuf/_196_/Y (sky130_fd_sc_hd__mux2i_1)
                                         core/ibuf/_058_ (net)
                  0.21    0.00    3.44 ^ core/ibuf/_198_/A2 (sky130_fd_sc_hd__o21ai_2)
     1    0.00    0.07    0.08    3.51 v core/ibuf/_198_/Y (sky130_fd_sc_hd__o21ai_2)
                                         core/ibuf_io_inst_0_bits_raw[6] (net)
                  0.07    0.00    3.51 v core/place1752/A (sky130_fd_sc_hd__buf_4)
    15    0.13    0.17    0.26    3.77 v core/place1752/X (sky130_fd_sc_hd__buf_4)
                                         core/net1751 (net)
                  0.18    0.02    3.79 v core/ibuf/RVCExpander/_0512_/A (sky130_fd_sc_hd__nor4_4)
     5    0.02    0.36    0.44    4.23 ^ core/ibuf/RVCExpander/_0512_/Y (sky130_fd_sc_hd__nor4_4)
                                         core/ibuf/RVCExpander/_0007_ (net)
                  0.36    0.00    4.23 ^ core/ibuf/RVCExpander/_0555_/B (sky130_fd_sc_hd__and2_0)
     7    0.04    0.60    0.57    4.80 ^ core/ibuf/RVCExpander/_0555_/X (sky130_fd_sc_hd__and2_0)
                                         core/ibuf/RVCExpander/_0047_ (net)
                  0.60    0.00    4.80 ^ core/ibuf/RVCExpander/_0943_/A1 (sky130_fd_sc_hd__a21oi_1)
     2    0.02    0.23    0.29    5.09 v core/ibuf/RVCExpander/_0943_/Y (sky130_fd_sc_hd__a21oi_1)
                                         core/ibuf/RVCExpander/_0405_ (net)
                  0.23    0.00    5.10 v core/ibuf/RVCExpander/_0964_/D1 (sky130_fd_sc_hd__a2111oi_2)
     1    0.01    0.31    0.31    5.40 ^ core/ibuf/RVCExpander/_0964_/Y (sky130_fd_sc_hd__a2111oi_2)
                                         core/ibuf/RVCExpander/_0424_ (net)
                  0.31    0.00    5.40 ^ core/ibuf/RVCExpander/_0966_/B2 (sky130_fd_sc_hd__a221o_1)
     1    0.00    0.05    0.19    5.59 ^ core/ibuf/RVCExpander/_0966_/X (sky130_fd_sc_hd__a221o_1)
                                         core/ibuf_io_inst_0_bits_inst_bits[3] (net)
                  0.05    0.00    5.59 ^ core/place1524/A (sky130_fd_sc_hd__buf_4)
    22    0.11    0.31    0.29    5.89 ^ core/place1524/X (sky130_fd_sc_hd__buf_4)
                                         core/net1523 (net)
                  0.31    0.01    5.90 ^ core/_6224_/B (sky130_fd_sc_hd__nor3b_1)
     1    0.00    0.07    0.09    5.99 v core/_6224_/Y (sky130_fd_sc_hd__nor3b_1)
                                         core/_2747_ (net)
                  0.07    0.00    5.99 v core/_6225_/B2 (sky130_fd_sc_hd__o22ai_1)
     2    0.03    0.68    0.53    6.52 ^ core/_6225_/Y (sky130_fd_sc_hd__o22ai_1)
                                         core/id_ctrl_wxd (net)
                  0.68    0.00    6.52 ^ core/_6234_/B1 (sky130_fd_sc_hd__o21ai_1)
     4    0.02    0.24    0.30    6.82 v core/_6234_/Y (sky130_fd_sc_hd__o21ai_1)
                                         core/_2756_ (net)
                  0.24    0.00    6.82 v core/_6243_/A (sky130_fd_sc_hd__nor4_1)
     1    0.01    0.41    0.48    7.30 ^ core/_6243_/Y (sky130_fd_sc_hd__nor4_1)
                                         core/_2765_ (net)
                  0.41    0.00    7.30 ^ core/_6244_/C1 (sky130_fd_sc_hd__a221oi_1)
     1    0.00    0.12    0.10    7.40 v core/_6244_/Y (sky130_fd_sc_hd__a221oi_1)
                                         core/_2766_ (net)
                  0.12    0.00    7.40 v core/_6245_/B (sky130_fd_sc_hd__nor2_1)
     2    0.03    0.60    0.49    7.90 ^ core/_6245_/Y (sky130_fd_sc_hd__nor2_1)
                                         core/_2767_ (net)
                  0.60    0.00    7.90 ^ core/_6512_/A1 (sky130_fd_sc_hd__a221oi_1)
     2    0.00    0.15    0.20    8.10 v core/_6512_/Y (sky130_fd_sc_hd__a221oi_1)
                                         core/_3020_ (net)
                  0.15    0.00    8.10 v core/_6581_/A (sky130_fd_sc_hd__and3_1)
     4    0.03    0.17    0.31    8.41 v core/_6581_/X (sky130_fd_sc_hd__and3_1)
                                         core/ibuf_io_inst_0_ready (net)
                  0.17    0.00    8.41 v core/ibuf/_224_/A (sky130_fd_sc_hd__and3_1)
     1    0.00    0.05    0.20    8.62 v core/ibuf/_224_/X (sky130_fd_sc_hd__and3_1)
                                         core/ibuf/_076_ (net)
                  0.05    0.00    8.62 v core/ibuf/_225_/B1 (sky130_fd_sc_hd__a22oi_2)
     2    0.02    0.25    0.21    8.83 ^ core/ibuf/_225_/Y (sky130_fd_sc_hd__a22oi_2)
                                         core/ibuf/_077_ (net)
                  0.25    0.00    8.83 ^ core/ibuf/_226_/B1 (sky130_fd_sc_hd__a21oi_1)
     1    0.01    0.09    0.10    8.93 v core/ibuf/_226_/Y (sky130_fd_sc_hd__a21oi_1)
                                         core_io_imem_resp_ready (net)
                  0.09    0.00    8.93 v frontend/fq/place1327/A (sky130_fd_sc_hd__buf_4)
    10    0.05    0.08    0.20    9.13 v frontend/fq/place1327/X (sky130_fd_sc_hd__buf_4)
                                         frontend/fq/net1326 (net)
                  0.08    0.00    9.13 v frontend/fq/_697_/B (sky130_fd_sc_hd__nor3b_2)
     4    0.01    0.27    0.27    9.41 ^ frontend/fq/_697_/Y (sky130_fd_sc_hd__nor3b_2)
                                         frontend/fq/_280_ (net)
                  0.27    0.00    9.41 ^ frontend/fq/_707_/B (sky130_fd_sc_hd__nand2_1)
     2    0.01    0.16    0.16    9.57 v frontend/fq/_707_/Y (sky130_fd_sc_hd__nand2_1)
                                         frontend/fq/_288_ (net)
                  0.16    0.00    9.57 v frontend/fq/_708_/B1 (sky130_fd_sc_hd__o22ai_4)
     9    0.06    0.48    0.42    9.99 ^ frontend/fq/_708_/Y (sky130_fd_sc_hd__o22ai_4)
                                         frontend/fq/_T_48 (net)
                  0.48    0.00    9.99 ^ frontend/fq/place1315/A (sky130_fd_sc_hd__buf_4)
    29    0.18    0.48    0.52   10.51 ^ frontend/fq/place1315/X (sky130_fd_sc_hd__buf_4)
                                         frontend/fq/net1314 (net)
                  0.48    0.01   10.51 ^ frontend/fq/place1314/A (sky130_fd_sc_hd__buf_4)
    30    0.20    0.54    0.56   11.07 ^ frontend/fq/place1314/X (sky130_fd_sc_hd__buf_4)
                                         frontend/fq/net1313 (net)
                  0.54    0.01   11.08 ^ frontend/fq/_T_2_2_data[3]$_DFFE_PP_/DE (sky130_fd_sc_hd__edfxtp_1)
                                 11.08   data arrival time

                         20.00   20.00   clock core_clock (rise edge)
                          0.00   20.00   clock source latency
     2    0.16    0.00    0.00   20.00 ^ clock (in)
                                         clock (net)
                  0.01    0.01   20.01 ^ clkbuf_regs_0_core_clock/A (sky130_fd_sc_hd__clkbuf_16)
     1    0.01    0.03    0.11   20.11 ^ clkbuf_regs_0_core_clock/X (sky130_fd_sc_hd__clkbuf_16)
                                         clock_regs (net)
                  0.03    0.00   20.11 ^ clkbuf_0_clock_regs/A (sky130_fd_sc_hd__clkbuf_16)
     4    0.21    0.22    0.25   20.36 ^ clkbuf_0_clock_regs/X (sky130_fd_sc_hd__clkbuf_16)
                                         clknet_0_clock_regs (net)
                  0.22    0.01   20.37 ^ clkbuf_2_3_0_clock_regs/A (sky130_fd_sc_hd__clkbuf_16)
     8    0.25    0.26    0.34   20.71 ^ clkbuf_2_3_0_clock_regs/X (sky130_fd_sc_hd__clkbuf_16)
                                         clknet_2_3_0_clock_regs (net)
                  0.26    0.01   20.72 ^ clkbuf_5_27__f_clock_regs/A (sky130_fd_sc_hd__clkbuf_16)
    16    0.23    0.24    0.34   21.06 ^ clkbuf_5_27__f_clock_regs/X (sky130_fd_sc_hd__clkbuf_16)
                                         clknet_5_27__leaf_clock_regs (net)
                  0.24    0.00   21.06 ^ clkbuf_leaf_180_clock_regs/A (sky130_fd_sc_hd__clkbuf_16)
    11    0.04    0.06    0.20   21.26 ^ clkbuf_leaf_180_clock_regs/X (sky130_fd_sc_hd__clkbuf_16)
                                         clknet_leaf_180_clock_regs (net)
                  0.06    0.00   21.27 ^ frontend/fq/_T_2_2_data[3]$_DFFE_PP_/CLK (sky130_fd_sc_hd__edfxtp_1)
                         -0.10   21.17   clock uncertainty
                          0.00   21.17   clock reconvergence pessimism
                         -0.36   20.81   library setup time
                                 20.81   data required time
-----------------------------------------------------------------------------
                                 20.81   data required time
                                -11.08   data arrival time
-----------------------------------------------------------------------------
                                  9.72   slack (MET)



==========================================================================
cts final report_check_types -max_slew -max_cap -max_fanout -violators
--------------------------------------------------------------------------
max slew

Pin                                    Limit    Slew   Slack
------------------------------------------------------------
dcache/data/data_arrays_0/data_arrays_0_ext/mem/dout[31]    0.04    0.45   -0.41 (VIOLATED)
frontend/icache/data_arrays_0/data_arrays_0_0_ext/mem/dout[0]    0.04    0.41   -0.37 (VIOLATED)
frontend/icache/data_arrays_0/data_arrays_0_0_ext/mem/dout[1]    0.04    0.41   -0.37 (VIOLATED)
dcache/data/data_arrays_0/data_arrays_0_ext/mem/dout[29]    0.04    0.39   -0.35 (VIOLATED)
dcache/data/data_arrays_0/data_arrays_0_ext/mem/dout[28]    0.04    0.39   -0.35 (VIOLATED)
dcache/data/data_arrays_0/data_arrays_0_ext/mem/dout[24]    0.04    0.39   -0.35 (VIOLATED)
dcache/data/data_arrays_0/data_arrays_0_ext/mem/dout[13]    0.04    0.36   -0.32 (VIOLATED)
frontend/icache/data_arrays_0/data_arrays_0_0_ext/mem/dout[13]    0.04    0.35   -0.31 (VIOLATED)
dcache/data/data_arrays_0/data_arrays_0_ext/mem/dout[27]    0.04    0.34   -0.30 (VIOLATED)
frontend/icache/data_arrays_0/data_arrays_0_0_ext/mem/dout[17]    0.04    0.34   -0.30 (VIOLATED)
dcache/data/data_arrays_0/data_arrays_0_ext/mem/dout[6]    0.04    0.33   -0.29 (VIOLATED)
frontend/icache/data_arrays_0/data_arrays_0_0_ext/mem/dout[3]    0.04    0.33   -0.29 (VIOLATED)
frontend/icache/data_arrays_0/data_arrays_0_0_ext/mem/dout[16]    0.04    0.32   -0.28 (VIOLATED)
dcache/data/data_arrays_0/data_arrays_0_ext/mem/dout[30]    0.04    0.32   -0.28 (VIOLATED)
frontend/icache/data_arrays_0/data_arrays_0_0_ext/mem/dout[6]    0.04    0.31   -0.27 (VIOLATED)
dcache/data/data_arrays_0/data_arrays_0_ext/mem/dout[1]    0.04    0.31   -0.27 (VIOLATED)
frontend/icache/data_arrays_0/data_arrays_0_0_ext/mem/dout[14]    0.04    0.30   -0.26 (VIOLATED)
dcache/data/data_arrays_0/data_arrays_0_ext/mem/dout[26]    0.04    0.29   -0.25 (VIOLATED)
dcache/data/data_arrays_0/data_arrays_0_ext/mem/dout[2]    0.04    0.28   -0.24 (VIOLATED)
dcache/data/data_arrays_0/data_arrays_0_ext/mem/dout[3]    0.04    0.27   -0.23 (VIOLATED)
frontend/icache/data_arrays_0/data_arrays_0_0_ext/mem/dout[15]    0.04    0.27   -0.23 (VIOLATED)
dcache/data/data_arrays_0/data_arrays_0_ext/mem/dout[4]    0.04    0.26   -0.22 (VIOLATED)
dcache/data/data_arrays_0/data_arrays_0_ext/mem/dout[0]    0.04    0.24   -0.20 (VIOLATED)
frontend/icache/data_arrays_0/data_arrays_0_0_ext/mem/dout[5]    0.04    0.23   -0.19 (VIOLATED)
frontend/icache/data_arrays_0/data_arrays_0_0_ext/mem/dout[7]    0.04    0.22   -0.18 (VIOLATED)
frontend/icache/data_arrays_0/data_arrays_0_0_ext/mem/dout[22]    0.04    0.22   -0.18 (VIOLATED)
frontend/icache/data_arrays_0/data_arrays_0_0_ext/mem/dout[29]    0.04    0.21   -0.17 (VIOLATED)
frontend/icache/data_arrays_0/data_arrays_0_0_ext/mem/dout[4]    0.04    0.21   -0.17 (VIOLATED)
frontend/icache/data_arrays_0/data_arrays_0_0_ext/mem/dout[21]    0.04    0.21   -0.17 (VIOLATED)
frontend/icache/data_arrays_0/data_arrays_0_0_ext/mem/dout[10]    0.04    0.21   -0.17 (VIOLATED)
frontend/icache/data_arrays_0/data_arrays_0_0_ext/mem/dout[19]    0.04    0.20   -0.16 (VIOLATED)
frontend/icache/data_arrays_0/data_arrays_0_0_ext/mem/dout[12]    0.04    0.20   -0.16 (VIOLATED)
frontend/icache/data_arrays_0/data_arrays_0_0_ext/mem/dout[2]    0.04    0.20   -0.16 (VIOLATED)
dcache/data/data_arrays_0/data_arrays_0_ext/mem/dout[5]    0.04    0.20   -0.16 (VIOLATED)
frontend/icache/data_arrays_0/data_arrays_0_0_ext/mem/dout[9]    0.04    0.20   -0.16 (VIOLATED)
frontend/icache/data_arrays_0/data_arrays_0_0_ext/mem/dout[18]    0.04    0.19   -0.15 (VIOLATED)
frontend/icache/data_arrays_0/data_arrays_0_0_ext/mem/dout[25]    0.04    0.19   -0.15 (VIOLATED)
dcache/data/data_arrays_0/data_arrays_0_ext/mem/dout[25]    0.04    0.19   -0.15 (VIOLATED)
dcache/data/data_arrays_0/data_arrays_0_ext/mem/dout[14]    0.04    0.19   -0.15 (VIOLATED)
frontend/icache/data_arrays_0/data_arrays_0_0_ext/mem/dout[27]    0.04    0.19   -0.15 (VIOLATED)
frontend/icache/data_arrays_0/data_arrays_0_0_ext/mem/dout[23]    0.04    0.19   -0.15 (VIOLATED)
dcache/data/data_arrays_0/data_arrays_0_ext/mem/dout[23]    0.04    0.18   -0.14 (VIOLATED)
frontend/icache/data_arrays_0/data_arrays_0_0_ext/mem/dout[11]    0.04    0.18   -0.14 (VIOLATED)
frontend/icache/data_arrays_0/data_arrays_0_0_ext/mem/dout[31]    0.04    0.18   -0.14 (VIOLATED)
frontend/icache/data_arrays_0/data_arrays_0_0_ext/mem/dout[26]    0.04    0.18   -0.14 (VIOLATED)
dcache/data/data_arrays_0/data_arrays_0_ext/mem/dout[18]    0.04    0.18   -0.14 (VIOLATED)
dcache/data/data_arrays_0/data_arrays_0_ext/mem/dout[9]    0.04    0.18   -0.14 (VIOLATED)
frontend/icache/data_arrays_0/data_arrays_0_0_ext/mem/dout[30]    0.04    0.18   -0.14 (VIOLATED)
dcache/data/data_arrays_0/data_arrays_0_ext/mem/dout[12]    0.04    0.18   -0.14 (VIOLATED)
dcache/data/data_arrays_0/data_arrays_0_ext/mem/dout[15]    0.04    0.18   -0.14 (VIOLATED)
dcache/data/data_arrays_0/data_arrays_0_ext/mem/dout[7]    0.04    0.18   -0.14 (VIOLATED)
dcache/data/data_arrays_0/data_arrays_0_ext/mem/dout[19]    0.04    0.18   -0.14 (VIOLATED)
dcache/data/data_arrays_0/data_arrays_0_ext/mem/dout[22]    0.04    0.18   -0.14 (VIOLATED)
dcache/data/data_arrays_0/data_arrays_0_ext/mem/dout[21]    0.04    0.17   -0.13 (VIOLATED)
frontend/icache/data_arrays_0/data_arrays_0_0_ext/mem/dout[24]    0.04    0.17   -0.13 (VIOLATED)
dcache/data/data_arrays_0/data_arrays_0_ext/mem/dout[10]    0.04    0.17   -0.13 (VIOLATED)
dcache/data/data_arrays_0/data_arrays_0_ext/mem/dout[17]    0.04    0.17   -0.13 (VIOLATED)
dcache/data/data_arrays_0/data_arrays_0_ext/mem/dout[20]    0.04    0.17   -0.13 (VIOLATED)
dcache/data/data_arrays_0/data_arrays_0_ext/mem/dout[8]    0.04    0.17   -0.13 (VIOLATED)
dcache/data/data_arrays_0/data_arrays_0_ext/mem/dout[11]    0.04    0.17   -0.13 (VIOLATED)
frontend/icache/data_arrays_0/data_arrays_0_0_ext/mem/dout[8]    0.04    0.17   -0.13 (VIOLATED)
dcache/data/data_arrays_0/data_arrays_0_ext/mem/dout[16]    0.04    0.17   -0.13 (VIOLATED)
frontend/icache/data_arrays_0/data_arrays_0_0_ext/mem/dout[20]    0.04    0.17   -0.13 (VIOLATED)
frontend/icache/data_arrays_0/data_arrays_0_0_ext/mem/dout[28]    0.04    0.16   -0.12 (VIOLATED)
frontend/icache/data_arrays_0/data_arrays_0_0_ext/mem/clk    0.35    0.41   -0.06 (VIOLATED)


==========================================================================
cts final max_slew_check_slack
--------------------------------------------------------------------------
-0.40712085366249084

==========================================================================
cts final max_slew_check_limit
--------------------------------------------------------------------------
0.03999999910593033

==========================================================================
cts final max_slew_check_slack_limit
--------------------------------------------------------------------------
-10.1780

==========================================================================
cts final max_fanout_check_slack
--------------------------------------------------------------------------
1.0000000150474662e+30

==========================================================================
cts final max_fanout_check_limit
--------------------------------------------------------------------------
1.0000000150474662e+30

==========================================================================
cts final max_capacitance_check_slack
--------------------------------------------------------------------------
0.006719451397657394

==========================================================================
cts final max_capacitance_check_limit
--------------------------------------------------------------------------
0.11353500187397003

==========================================================================
cts final max_capacitance_check_slack_limit
--------------------------------------------------------------------------
0.0592

==========================================================================
cts final max_slew_violation_count
--------------------------------------------------------------------------
max slew violation count 65

==========================================================================
cts final max_fanout_violation_count
--------------------------------------------------------------------------
max fanout violation count 0

==========================================================================
cts final max_cap_violation_count
--------------------------------------------------------------------------
max cap violation count 0

==========================================================================
cts final setup_violation_count
--------------------------------------------------------------------------
setup violation count 0

==========================================================================
cts final hold_violation_count
--------------------------------------------------------------------------
hold violation count 0

==========================================================================
cts final report_checks -path_delay max reg to reg
--------------------------------------------------------------------------
Startpoint: frontend/fq/_T_1_0$_SDFF_PP0_
            (rising edge-triggered flip-flop clocked by core_clock)
Endpoint: frontend/fq/_T_2_2_data[3]$_DFFE_PP_
          (rising edge-triggered flip-flop clocked by core_clock)
Path Group: core_clock
Path Type: max

  Delay    Time   Description
---------------------------------------------------------
   0.00    0.00   clock core_clock (rise edge)
   0.00    0.00   clock source latency
   0.00    0.00 ^ clock (in)
   0.11    0.11 ^ clkbuf_regs_0_core_clock/X (sky130_fd_sc_hd__clkbuf_16)
   0.25    0.36 ^ clkbuf_0_clock_regs/X (sky130_fd_sc_hd__clkbuf_16)
   0.35    0.71 ^ clkbuf_2_3_0_clock_regs/X (sky130_fd_sc_hd__clkbuf_16)
   0.35    1.06 ^ clkbuf_5_27__f_clock_regs/X (sky130_fd_sc_hd__clkbuf_16)
   0.21    1.27 ^ clkbuf_leaf_225_clock_regs/X (sky130_fd_sc_hd__clkbuf_16)
   0.00    1.27 ^ frontend/fq/_T_1_0$_SDFF_PP0_/CLK (sky130_fd_sc_hd__dfxtp_2)
   0.33    1.60 ^ frontend/fq/_T_1_0$_SDFF_PP0_/Q (sky130_fd_sc_hd__dfxtp_2)
   0.48    2.08 ^ frontend/fq/place2129/X (sky130_fd_sc_hd__buf_4)
   0.66    2.74 ^ frontend/fq/place2128/X (sky130_fd_sc_hd__buf_4)
   0.47    3.22 v frontend/fq/_620_/X (sky130_fd_sc_hd__mux2_2)
   0.22    3.44 ^ core/ibuf/_196_/Y (sky130_fd_sc_hd__mux2i_1)
   0.08    3.51 v core/ibuf/_198_/Y (sky130_fd_sc_hd__o21ai_2)
   0.26    3.77 v core/place1752/X (sky130_fd_sc_hd__buf_4)
   0.46    4.23 ^ core/ibuf/RVCExpander/_0512_/Y (sky130_fd_sc_hd__nor4_4)
   0.57    4.80 ^ core/ibuf/RVCExpander/_0555_/X (sky130_fd_sc_hd__and2_0)
   0.29    5.09 v core/ibuf/RVCExpander/_0943_/Y (sky130_fd_sc_hd__a21oi_1)
   0.31    5.40 ^ core/ibuf/RVCExpander/_0964_/Y (sky130_fd_sc_hd__a2111oi_2)
   0.19    5.59 ^ core/ibuf/RVCExpander/_0966_/X (sky130_fd_sc_hd__a221o_1)
   0.29    5.89 ^ core/place1524/X (sky130_fd_sc_hd__buf_4)
   0.10    5.99 v core/_6224_/Y (sky130_fd_sc_hd__nor3b_1)
   0.53    6.52 ^ core/_6225_/Y (sky130_fd_sc_hd__o22ai_1)
   0.31    6.82 v core/_6234_/Y (sky130_fd_sc_hd__o21ai_1)
   0.48    7.30 ^ core/_6243_/Y (sky130_fd_sc_hd__nor4_1)
   0.10    7.40 v core/_6244_/Y (sky130_fd_sc_hd__a221oi_1)
   0.49    7.90 ^ core/_6245_/Y (sky130_fd_sc_hd__nor2_1)
   0.21    8.10 v core/_6512_/Y (sky130_fd_sc_hd__a221oi_1)
   0.31    8.41 v core/_6581_/X (sky130_fd_sc_hd__and3_1)
   0.21    8.62 v core/ibuf/_224_/X (sky130_fd_sc_hd__and3_1)
   0.21    8.83 ^ core/ibuf/_225_/Y (sky130_fd_sc_hd__a22oi_2)
   0.10    8.93 v core/ibuf/_226_/Y (sky130_fd_sc_hd__a21oi_1)
   0.20    9.13 v frontend/fq/place1327/X (sky130_fd_sc_hd__buf_4)
   0.28    9.41 ^ frontend/fq/_697_/Y (sky130_fd_sc_hd__nor3b_2)
   0.16    9.57 v frontend/fq/_707_/Y (sky130_fd_sc_hd__nand2_1)
   0.42    9.99 ^ frontend/fq/_708_/Y (sky130_fd_sc_hd__o22ai_4)
   0.52   10.51 ^ frontend/fq/place1315/X (sky130_fd_sc_hd__buf_4)
   0.57   11.07 ^ frontend/fq/place1314/X (sky130_fd_sc_hd__buf_4)
   0.01   11.08 ^ frontend/fq/_T_2_2_data[3]$_DFFE_PP_/DE (sky130_fd_sc_hd__edfxtp_1)
          11.08   data arrival time

  20.00   20.00   clock core_clock (rise edge)
   0.00   20.00   clock source latency
   0.00   20.00 ^ clock (in)
   0.11   20.11 ^ clkbuf_regs_0_core_clock/X (sky130_fd_sc_hd__clkbuf_16)
   0.25   20.36 ^ clkbuf_0_clock_regs/X (sky130_fd_sc_hd__clkbuf_16)
   0.35   20.71 ^ clkbuf_2_3_0_clock_regs/X (sky130_fd_sc_hd__clkbuf_16)
   0.35   21.06 ^ clkbuf_5_27__f_clock_regs/X (sky130_fd_sc_hd__clkbuf_16)
   0.21   21.26 ^ clkbuf_leaf_180_clock_regs/X (sky130_fd_sc_hd__clkbuf_16)
   0.00   21.27 ^ frontend/fq/_T_2_2_data[3]$_DFFE_PP_/CLK (sky130_fd_sc_hd__edfxtp_1)
  -0.10   21.17   clock uncertainty
   0.00   21.17   clock reconvergence pessimism
  -0.36   20.81   library setup time
          20.81   data required time
---------------------------------------------------------
          20.81   data required time
         -11.08   data arrival time
---------------------------------------------------------
           9.72   slack (MET)



==========================================================================
cts final report_checks -path_delay min reg to reg
--------------------------------------------------------------------------
Startpoint: intsink/SynchronizerShiftReg_w1_d3/sync_1$_DFF_P_
            (rising edge-triggered flip-flop clocked by core_clock)
Endpoint: intsink/SynchronizerShiftReg_w1_d3/sync_0$_DFF_P_
          (rising edge-triggered flip-flop clocked by core_clock)
Path Group: core_clock
Path Type: min

  Delay    Time   Description
---------------------------------------------------------
   0.00    0.00   clock core_clock (rise edge)
   0.00    0.00   clock source latency
   0.00    0.00 ^ clock (in)
   0.11    0.11 ^ clkbuf_regs_0_core_clock/X (sky130_fd_sc_hd__clkbuf_16)
   0.25    0.36 ^ clkbuf_0_clock_regs/X (sky130_fd_sc_hd__clkbuf_16)
   0.34    0.71 ^ clkbuf_2_2_0_clock_regs/X (sky130_fd_sc_hd__clkbuf_16)
   0.33    1.03 ^ clkbuf_5_23__f_clock_regs/X (sky130_fd_sc_hd__clkbuf_16)
   0.20    1.24 ^ clkbuf_leaf_269_clock_regs/X (sky130_fd_sc_hd__clkbuf_16)
   0.00    1.24 ^ intsink/SynchronizerShiftReg_w1_d3/sync_1$_DFF_P_/CLK (sky130_fd_sc_hd__dfxtp_1)
   0.31    1.55 ^ intsink/SynchronizerShiftReg_w1_d3/sync_1$_DFF_P_/Q (sky130_fd_sc_hd__dfxtp_1)
   0.00    1.55 ^ intsink/SynchronizerShiftReg_w1_d3/sync_0$_DFF_P_/D (sky130_fd_sc_hd__dfxtp_1)
           1.55   data arrival time

   0.00    0.00   clock core_clock (rise edge)
   0.00    0.00   clock source latency
   0.00    0.00 ^ clock (in)
   0.11    0.11 ^ clkbuf_regs_0_core_clock/X (sky130_fd_sc_hd__clkbuf_16)
   0.25    0.36 ^ clkbuf_0_clock_regs/X (sky130_fd_sc_hd__clkbuf_16)
   0.34    0.71 ^ clkbuf_2_2_0_clock_regs/X (sky130_fd_sc_hd__clkbuf_16)
   0.33    1.03 ^ clkbuf_5_23__f_clock_regs/X (sky130_fd_sc_hd__clkbuf_16)
   0.20    1.24 ^ clkbuf_leaf_269_clock_regs/X (sky130_fd_sc_hd__clkbuf_16)
   0.00    1.24 ^ intsink/SynchronizerShiftReg_w1_d3/sync_0$_DFF_P_/CLK (sky130_fd_sc_hd__dfxtp_1)
   0.10    1.34   clock uncertainty
   0.00    1.34   clock reconvergence pessimism
  -0.03    1.31   library hold time
           1.31   data required time
---------------------------------------------------------
           1.31   data required time
          -1.55   data arrival time
---------------------------------------------------------
           0.24   slack (MET)



==========================================================================
cts final critical path target clock latency max path
--------------------------------------------------------------------------
1.1942

==========================================================================
cts final critical path target clock latency min path
--------------------------------------------------------------------------
1.2386

==========================================================================
cts final critical path source clock latency min path
--------------------------------------------------------------------------
0.0000

==========================================================================
cts final critical path delay
--------------------------------------------------------------------------
11.0848

==========================================================================
cts final critical path slack
--------------------------------------------------------------------------
9.7216

==========================================================================
cts final slack div critical path delay
--------------------------------------------------------------------------
87.702079

==========================================================================
cts final report_power
--------------------------------------------------------------------------
Group                  Internal  Switching    Leakage      Total
                          Power      Power      Power      Power (Watts)
----------------------------------------------------------------
Sequential             1.07e-02   1.22e-03   3.54e-08   1.19e-02  25.0%
Combinational          9.16e-03   1.73e-02   5.37e-08   2.65e-02  55.7%
Clock                  4.59e-03   3.84e-03   7.03e-09   8.43e-03  17.7%
Macro                  7.59e-04   0.00e+00   1.91e-07   7.59e-04   1.6%
Pad                    0.00e+00   0.00e+00   0.00e+00   0.00e+00   0.0%
----------------------------------------------------------------
Total                  2.52e-02   2.24e-02   2.87e-07   4.76e-02 100.0%
                          53.0%      47.0%       0.0%
