
==========================================================================
global route report_tns
--------------------------------------------------------------------------
tns max 0.00

==========================================================================
global route report_wns
--------------------------------------------------------------------------
wns max 0.00

==========================================================================
global route report_worst_slack
--------------------------------------------------------------------------
worst slack max 9.05

==========================================================================
global route report_clock_min_period
--------------------------------------------------------------------------
core_clock period_min = 10.95 fmax = 91.30

==========================================================================
global route report_clock_skew
--------------------------------------------------------------------------
Clock core_clock
   1.28 source latency core/ex_reg_rs_msb_1[3]$_DFFE_PP_/CLK ^
  -1.12 target latency dcache/data/data_arrays_0/data_arrays_0_ext/mem/clk ^
   0.10 clock uncertainty
   0.00 CRPR
--------------
   0.26 setup skew


==========================================================================
global route report_checks -path_delay min
--------------------------------------------------------------------------
Startpoint: intsink/SynchronizerShiftReg_w1_d3/sync_2$_DFF_P_
            (rising edge-triggered flip-flop clocked by core_clock)
Endpoint: intsink/SynchronizerShiftReg_w1_d3/sync_1$_DFF_P_
          (rising edge-triggered flip-flop clocked by core_clock)
Path Group: core_clock
Path Type: min

Fanout     Cap    Slew   Delay    Time   Description
-----------------------------------------------------------------------------
                          0.00    0.00   clock core_clock (rise edge)
                          0.00    0.00   clock source latency
     2    0.15    0.00    0.00    0.00 ^ clock (in)
                                         clock (net)
                  0.01    0.01    0.01 ^ clkbuf_regs_0_core_clock/A (sky130_fd_sc_hd__clkbuf_16)
     1    0.01    0.04    0.11    0.11 ^ clkbuf_regs_0_core_clock/X (sky130_fd_sc_hd__clkbuf_16)
                                         clock_regs (net)
                  0.04    0.00    0.11 ^ clkbuf_0_clock_regs/A (sky130_fd_sc_hd__clkbuf_16)
     4    0.18    0.19    0.24    0.35 ^ clkbuf_0_clock_regs/X (sky130_fd_sc_hd__clkbuf_16)
                                         clknet_0_clock_regs (net)
                  0.20    0.01    0.36 ^ clkbuf_2_2_0_clock_regs/A (sky130_fd_sc_hd__clkbuf_16)
     8    0.23    0.24    0.32    0.68 ^ clkbuf_2_2_0_clock_regs/X (sky130_fd_sc_hd__clkbuf_16)
                                         clknet_2_2_0_clock_regs (net)
                  0.24    0.01    0.68 ^ clkbuf_5_23__f_clock_regs/A (sky130_fd_sc_hd__clkbuf_16)
    12    0.19    0.20    0.31    0.99 ^ clkbuf_5_23__f_clock_regs/X (sky130_fd_sc_hd__clkbuf_16)
                                         clknet_5_23__leaf_clock_regs (net)
                  0.20    0.01    1.00 ^ clkbuf_leaf_269_clock_regs/A (sky130_fd_sc_hd__clkbuf_16)
     5    0.04    0.06    0.20    1.19 ^ clkbuf_leaf_269_clock_regs/X (sky130_fd_sc_hd__clkbuf_16)
                                         clknet_leaf_269_clock_regs (net)
                  0.06    0.00    1.19 ^ intsink/SynchronizerShiftReg_w1_d3/sync_2$_DFF_P_/CLK (sky130_fd_sc_hd__dfxtp_1)
     1    0.00    0.05    0.31    1.51 ^ intsink/SynchronizerShiftReg_w1_d3/sync_2$_DFF_P_/Q (sky130_fd_sc_hd__dfxtp_1)
                                         intsink/SynchronizerShiftReg_w1_d3/sync_2 (net)
                  0.05    0.00    1.51 ^ intsink/SynchronizerShiftReg_w1_d3/sync_1$_DFF_P_/D (sky130_fd_sc_hd__dfxtp_1)
                                  1.51   data arrival time

                          0.00    0.00   clock core_clock (rise edge)
                          0.00    0.00   clock source latency
     2    0.15    0.00    0.00    0.00 ^ clock (in)
                                         clock (net)
                  0.01    0.01    0.01 ^ clkbuf_regs_0_core_clock/A (sky130_fd_sc_hd__clkbuf_16)
     1    0.01    0.04    0.11    0.11 ^ clkbuf_regs_0_core_clock/X (sky130_fd_sc_hd__clkbuf_16)
                                         clock_regs (net)
                  0.04    0.00    0.11 ^ clkbuf_0_clock_regs/A (sky130_fd_sc_hd__clkbuf_16)
     4    0.18    0.19    0.24    0.35 ^ clkbuf_0_clock_regs/X (sky130_fd_sc_hd__clkbuf_16)
                                         clknet_0_clock_regs (net)
                  0.20    0.01    0.36 ^ clkbuf_2_2_0_clock_regs/A (sky130_fd_sc_hd__clkbuf_16)
     8    0.23    0.24    0.32    0.68 ^ clkbuf_2_2_0_clock_regs/X (sky130_fd_sc_hd__clkbuf_16)
                                         clknet_2_2_0_clock_regs (net)
                  0.24    0.01    0.68 ^ clkbuf_5_23__f_clock_regs/A (sky130_fd_sc_hd__clkbuf_16)
    12    0.19    0.20    0.31    0.99 ^ clkbuf_5_23__f_clock_regs/X (sky130_fd_sc_hd__clkbuf_16)
                                         clknet_5_23__leaf_clock_regs (net)
                  0.20    0.01    1.00 ^ clkbuf_leaf_269_clock_regs/A (sky130_fd_sc_hd__clkbuf_16)
     5    0.04    0.06    0.20    1.19 ^ clkbuf_leaf_269_clock_regs/X (sky130_fd_sc_hd__clkbuf_16)
                                         clknet_leaf_269_clock_regs (net)
                  0.06    0.00    1.19 ^ intsink/SynchronizerShiftReg_w1_d3/sync_1$_DFF_P_/CLK (sky130_fd_sc_hd__dfxtp_1)
                          0.10    1.29   clock uncertainty
                          0.00    1.29   clock reconvergence pessimism
                         -0.03    1.26   library hold time
                                  1.26   data required time
-----------------------------------------------------------------------------
                                  1.26   data required time
                                 -1.51   data arrival time
-----------------------------------------------------------------------------
                                  0.24   slack (MET)



==========================================================================
global route report_checks -path_delay max
--------------------------------------------------------------------------
Startpoint: frontend/s2_pc[1]$_SDFFE_PP0N_
            (rising edge-triggered flip-flop clocked by core_clock)
Endpoint: frontend/fq/_T_2_2_data[14]$_DFFE_PP_
          (rising edge-triggered flip-flop clocked by core_clock)
Path Group: core_clock
Path Type: max

Fanout     Cap    Slew   Delay    Time   Description
-----------------------------------------------------------------------------
                          0.00    0.00   clock core_clock (rise edge)
                          0.00    0.00   clock source latency
     2    0.15    0.00    0.00    0.00 ^ clock (in)
                                         clock (net)
                  0.01    0.01    0.01 ^ clkbuf_regs_0_core_clock/A (sky130_fd_sc_hd__clkbuf_16)
     1    0.01    0.04    0.11    0.11 ^ clkbuf_regs_0_core_clock/X (sky130_fd_sc_hd__clkbuf_16)
                                         clock_regs (net)
                  0.04    0.00    0.11 ^ clkbuf_0_clock_regs/A (sky130_fd_sc_hd__clkbuf_16)
     4    0.18    0.19    0.24    0.35 ^ clkbuf_0_clock_regs/X (sky130_fd_sc_hd__clkbuf_16)
                                         clknet_0_clock_regs (net)
                  0.20    0.01    0.36 ^ clkbuf_2_3_0_clock_regs/A (sky130_fd_sc_hd__clkbuf_16)
     8    0.23    0.24    0.32    0.68 ^ clkbuf_2_3_0_clock_regs/X (sky130_fd_sc_hd__clkbuf_16)
                                         clknet_2_3_0_clock_regs (net)
                  0.24    0.01    0.68 ^ clkbuf_5_27__f_clock_regs/A (sky130_fd_sc_hd__clkbuf_16)
    16    0.23    0.23    0.33    1.02 ^ clkbuf_5_27__f_clock_regs/X (sky130_fd_sc_hd__clkbuf_16)
                                         clknet_5_27__leaf_clock_regs (net)
                  0.24    0.01    1.02 ^ clkbuf_leaf_224_clock_regs/A (sky130_fd_sc_hd__clkbuf_16)
    12    0.04    0.07    0.21    1.23 ^ clkbuf_leaf_224_clock_regs/X (sky130_fd_sc_hd__clkbuf_16)
                                         clknet_leaf_224_clock_regs (net)
                  0.07    0.00    1.23 ^ frontend/s2_pc[1]$_SDFFE_PP0N_/CLK (sky130_fd_sc_hd__dfxtp_1)
     7    0.03    0.26    0.46    1.69 ^ frontend/s2_pc[1]$_SDFFE_PP0N_/Q (sky130_fd_sc_hd__dfxtp_1)
                                         frontend/fq_io_enq_bits_pc[1] (net)
                  0.26    0.00    1.70 ^ frontend/fq/_677_/A0 (sky130_fd_sc_hd__mux2_2)
     7    0.07    0.34    0.43    2.13 ^ frontend/fq/_677_/X (sky130_fd_sc_hd__mux2_2)
                                         core_io_imem_resp_bits_pc[1] (net)
                  0.34    0.00    2.13 ^ core/ibuf/_261_/B (sky130_fd_sc_hd__ha_1)
     1    0.00    0.06    0.22    2.35 ^ core/ibuf/_261_/COUT (sky130_fd_sc_hd__ha_1)
                                         core/ibuf/_019_ (net)
                  0.06    0.00    2.35 ^ core/ibuf/place1891/A (sky130_fd_sc_hd__buf_4)
    17    0.13    0.35    0.33    2.68 ^ core/ibuf/place1891/X (sky130_fd_sc_hd__buf_4)
                                         core/ibuf/net1890 (net)
                  0.35    0.00    2.69 ^ core/ibuf/_211_/S (sky130_fd_sc_hd__mux2i_1)
     1    0.01    0.13    0.19    2.88 v core/ibuf/_211_/Y (sky130_fd_sc_hd__mux2i_1)
                                         core/ibuf/_068_ (net)
                  0.13    0.00    2.88 v core/ibuf/_213_/A2 (sky130_fd_sc_hd__o21ai_4)
     1    0.01    0.12    0.16    3.04 ^ core/ibuf/_213_/Y (sky130_fd_sc_hd__o21ai_4)
                                         core/ibuf_io_inst_0_bits_raw[1] (net)
                  0.12    0.00    3.04 ^ core/place1747/A (sky130_fd_sc_hd__buf_4)
    32    0.17    0.47    0.43    3.46 ^ core/place1747/X (sky130_fd_sc_hd__buf_4)
                                         core/net1746 (net)
                  0.47    0.02    3.48 ^ core/place1746/A (sky130_fd_sc_hd__buf_4)
    49    0.23    0.63    0.62    4.10 ^ core/place1746/X (sky130_fd_sc_hd__buf_4)
                                         core/net1745 (net)
                  0.63    0.01    4.11 ^ core/ibuf/RVCExpander/_0516_/A (sky130_fd_sc_hd__inv_1)
    14    0.08    0.41    0.52    4.63 v core/ibuf/RVCExpander/_0516_/Y (sky130_fd_sc_hd__inv_1)
                                         core/ibuf/RVCExpander/_0011_ (net)
                  0.41    0.00    4.63 v core/ibuf/RVCExpander/_0518_/A (sky130_fd_sc_hd__nor2_1)
     2    0.01    0.16    0.26    4.89 ^ core/ibuf/RVCExpander/_0518_/Y (sky130_fd_sc_hd__nor2_1)
                                         core/ibuf/RVCExpander/_0013_ (net)
                  0.16    0.00    4.89 ^ core/ibuf/RVCExpander/place1653/A (sky130_fd_sc_hd__buf_4)
    14    0.11    0.30    0.33    5.22 ^ core/ibuf/RVCExpander/place1653/X (sky130_fd_sc_hd__buf_4)
                                         core/ibuf/RVCExpander/net1652 (net)
                  0.30    0.01    5.23 ^ core/ibuf/RVCExpander/_0971_/B (sky130_fd_sc_hd__nor3_1)
     1    0.00    0.10    0.10    5.33 v core/ibuf/RVCExpander/_0971_/Y (sky130_fd_sc_hd__nor3_1)
                                         core/ibuf/RVCExpander/_0430_ (net)
                  0.10    0.00    5.33 v core/ibuf/RVCExpander/_0972_/A2 (sky130_fd_sc_hd__o21ai_0)
     1    0.01    0.26    0.26    5.59 ^ core/ibuf/RVCExpander/_0972_/Y (sky130_fd_sc_hd__o21ai_0)
                                         core/ibuf/RVCExpander/_0431_ (net)
                  0.26    0.00    5.59 ^ core/ibuf/RVCExpander/_0979_/B1 (sky130_fd_sc_hd__a221o_1)
     1    0.01    0.08    0.21    5.81 ^ core/ibuf/RVCExpander/_0979_/X (sky130_fd_sc_hd__a221o_1)
                                         core/ibuf_io_inst_0_bits_inst_bits[2] (net)
                  0.08    0.00    5.81 ^ core/place1523/A (sky130_fd_sc_hd__buf_4)
    14    0.09    0.24    0.26    6.07 ^ core/place1523/X (sky130_fd_sc_hd__buf_4)
                                         core/net1522 (net)
                  0.24    0.01    6.08 ^ core/_6224_/A (sky130_fd_sc_hd__nor3b_1)
     1    0.00    0.08    0.10    6.18 v core/_6224_/Y (sky130_fd_sc_hd__nor3b_1)
                                         core/_2747_ (net)
                  0.08    0.00    6.18 v core/_6225_/B2 (sky130_fd_sc_hd__o22ai_1)
     2    0.04    0.81    0.63    6.81 ^ core/_6225_/Y (sky130_fd_sc_hd__o22ai_1)
                                         core/id_ctrl_wxd (net)
                  0.81    0.00    6.81 ^ core/_6234_/B1 (sky130_fd_sc_hd__o21ai_1)
     4    0.02    0.27    0.34    7.14 v core/_6234_/Y (sky130_fd_sc_hd__o21ai_1)
                                         core/_2756_ (net)
                  0.27    0.00    7.14 v core/_6243_/A (sky130_fd_sc_hd__nor4_1)
     1    0.01    0.47    0.54    7.68 ^ core/_6243_/Y (sky130_fd_sc_hd__nor4_1)
                                         core/_2765_ (net)
                  0.47    0.00    7.68 ^ core/_6244_/C1 (sky130_fd_sc_hd__a221oi_1)
     1    0.01    0.14    0.13    7.81 v core/_6244_/Y (sky130_fd_sc_hd__a221oi_1)
                                         core/_2766_ (net)
                  0.14    0.00    7.81 v core/_6245_/B (sky130_fd_sc_hd__nor2_1)
     2    0.04    0.64    0.53    8.34 ^ core/_6245_/Y (sky130_fd_sc_hd__nor2_1)
                                         core/_2767_ (net)
                  0.64    0.00    8.35 ^ core/_6512_/A1 (sky130_fd_sc_hd__a221oi_1)
     2    0.01    0.17    0.23    8.57 v core/_6512_/Y (sky130_fd_sc_hd__a221oi_1)
                                         core/_3020_ (net)
                  0.17    0.00    8.57 v core/_6581_/A (sky130_fd_sc_hd__and3_1)
     4    0.04    0.17    0.32    8.89 v core/_6581_/X (sky130_fd_sc_hd__and3_1)
                                         core/ibuf_io_inst_0_ready (net)
                  0.17    0.00    8.89 v core/ibuf/_224_/A (sky130_fd_sc_hd__and3_1)
     1    0.01    0.06    0.22    9.11 v core/ibuf/_224_/X (sky130_fd_sc_hd__and3_1)
                                         core/ibuf/_076_ (net)
                  0.06    0.00    9.11 v core/ibuf/_225_/B1 (sky130_fd_sc_hd__a22oi_2)
     2    0.02    0.28    0.24    9.35 ^ core/ibuf/_225_/Y (sky130_fd_sc_hd__a22oi_2)
                                         core/ibuf/_077_ (net)
                  0.28    0.00    9.35 ^ core/ibuf/_226_/B1 (sky130_fd_sc_hd__a21oi_1)
     1    0.01    0.09    0.11    9.46 v core/ibuf/_226_/Y (sky130_fd_sc_hd__a21oi_1)
                                         core_io_imem_resp_ready (net)
                  0.09    0.00    9.46 v frontend/fq/place1327/A (sky130_fd_sc_hd__buf_4)
    10    0.06    0.08    0.21    9.68 v frontend/fq/place1327/X (sky130_fd_sc_hd__buf_4)
                                         frontend/fq/net1326 (net)
                  0.08    0.00    9.68 v frontend/fq/_697_/B (sky130_fd_sc_hd__nor3b_2)
     4    0.02    0.32    0.31   10.00 ^ frontend/fq/_697_/Y (sky130_fd_sc_hd__nor3b_2)
                                         frontend/fq/_280_ (net)
                  0.32    0.00   10.00 ^ frontend/fq/_707_/B (sky130_fd_sc_hd__nand2_1)
     2    0.01    0.17    0.18   10.17 v frontend/fq/_707_/Y (sky130_fd_sc_hd__nand2_1)
                                         frontend/fq/_288_ (net)
                  0.17    0.00   10.17 v frontend/fq/_708_/B1 (sky130_fd_sc_hd__o22ai_4)
     9    0.06    0.49    0.43   10.60 ^ frontend/fq/_708_/Y (sky130_fd_sc_hd__o22ai_4)
                                         frontend/fq/_T_48 (net)
                  0.49    0.00   10.60 ^ frontend/fq/place1315/A (sky130_fd_sc_hd__buf_4)
    29    0.18    0.50    0.53   11.13 ^ frontend/fq/place1315/X (sky130_fd_sc_hd__buf_4)
                                         frontend/fq/net1314 (net)
                  0.50    0.01   11.14 ^ frontend/fq/place1314/A (sky130_fd_sc_hd__buf_4)
    30    0.20    0.55    0.57   11.70 ^ frontend/fq/place1314/X (sky130_fd_sc_hd__buf_4)
                                         frontend/fq/net1313 (net)
                  0.56    0.02   11.72 ^ frontend/fq/_T_2_2_data[14]$_DFFE_PP_/DE (sky130_fd_sc_hd__edfxtp_1)
                                 11.72   data arrival time

                         20.00   20.00   clock core_clock (rise edge)
                          0.00   20.00   clock source latency
     2    0.15    0.00    0.00   20.00 ^ clock (in)
                                         clock (net)
                  0.01    0.01   20.01 ^ clkbuf_regs_0_core_clock/A (sky130_fd_sc_hd__clkbuf_16)
     1    0.01    0.04    0.11   20.11 ^ clkbuf_regs_0_core_clock/X (sky130_fd_sc_hd__clkbuf_16)
                                         clock_regs (net)
                  0.04    0.00   20.11 ^ clkbuf_0_clock_regs/A (sky130_fd_sc_hd__clkbuf_16)
     4    0.18    0.19    0.24   20.35 ^ clkbuf_0_clock_regs/X (sky130_fd_sc_hd__clkbuf_16)
                                         clknet_0_clock_regs (net)
                  0.20    0.01   20.36 ^ clkbuf_2_3_0_clock_regs/A (sky130_fd_sc_hd__clkbuf_16)
     8    0.23    0.24    0.32   20.68 ^ clkbuf_2_3_0_clock_regs/X (sky130_fd_sc_hd__clkbuf_16)
                                         clknet_2_3_0_clock_regs (net)
                  0.24    0.01   20.68 ^ clkbuf_5_27__f_clock_regs/A (sky130_fd_sc_hd__clkbuf_16)
    16    0.23    0.23    0.33   21.02 ^ clkbuf_5_27__f_clock_regs/X (sky130_fd_sc_hd__clkbuf_16)
                                         clknet_5_27__leaf_clock_regs (net)
                  0.24    0.00   21.02 ^ clkbuf_leaf_177_clock_regs/A (sky130_fd_sc_hd__clkbuf_16)
    10    0.04    0.06    0.21   21.23 ^ clkbuf_leaf_177_clock_regs/X (sky130_fd_sc_hd__clkbuf_16)
                                         clknet_leaf_177_clock_regs (net)
                  0.06    0.00   21.23 ^ frontend/fq/_T_2_2_data[14]$_DFFE_PP_/CLK (sky130_fd_sc_hd__edfxtp_1)
                         -0.10   21.13   clock uncertainty
                          0.00   21.13   clock reconvergence pessimism
                         -0.36   20.77   library setup time
                                 20.77   data required time
-----------------------------------------------------------------------------
                                 20.77   data required time
                                -11.72   data arrival time
-----------------------------------------------------------------------------
                                  9.05   slack (MET)



==========================================================================
global route report_checks -unconstrained
--------------------------------------------------------------------------
Startpoint: frontend/s2_pc[1]$_SDFFE_PP0N_
            (rising edge-triggered flip-flop clocked by core_clock)
Endpoint: frontend/fq/_T_2_2_data[14]$_DFFE_PP_
          (rising edge-triggered flip-flop clocked by core_clock)
Path Group: core_clock
Path Type: max

Fanout     Cap    Slew   Delay    Time   Description
-----------------------------------------------------------------------------
                          0.00    0.00   clock core_clock (rise edge)
                          0.00    0.00   clock source latency
     2    0.15    0.00    0.00    0.00 ^ clock (in)
                                         clock (net)
                  0.01    0.01    0.01 ^ clkbuf_regs_0_core_clock/A (sky130_fd_sc_hd__clkbuf_16)
     1    0.01    0.04    0.11    0.11 ^ clkbuf_regs_0_core_clock/X (sky130_fd_sc_hd__clkbuf_16)
                                         clock_regs (net)
                  0.04    0.00    0.11 ^ clkbuf_0_clock_regs/A (sky130_fd_sc_hd__clkbuf_16)
     4    0.18    0.19    0.24    0.35 ^ clkbuf_0_clock_regs/X (sky130_fd_sc_hd__clkbuf_16)
                                         clknet_0_clock_regs (net)
                  0.20    0.01    0.36 ^ clkbuf_2_3_0_clock_regs/A (sky130_fd_sc_hd__clkbuf_16)
     8    0.23    0.24    0.32    0.68 ^ clkbuf_2_3_0_clock_regs/X (sky130_fd_sc_hd__clkbuf_16)
                                         clknet_2_3_0_clock_regs (net)
                  0.24    0.01    0.68 ^ clkbuf_5_27__f_clock_regs/A (sky130_fd_sc_hd__clkbuf_16)
    16    0.23    0.23    0.33    1.02 ^ clkbuf_5_27__f_clock_regs/X (sky130_fd_sc_hd__clkbuf_16)
                                         clknet_5_27__leaf_clock_regs (net)
                  0.24    0.01    1.02 ^ clkbuf_leaf_224_clock_regs/A (sky130_fd_sc_hd__clkbuf_16)
    12    0.04    0.07    0.21    1.23 ^ clkbuf_leaf_224_clock_regs/X (sky130_fd_sc_hd__clkbuf_16)
                                         clknet_leaf_224_clock_regs (net)
                  0.07    0.00    1.23 ^ frontend/s2_pc[1]$_SDFFE_PP0N_/CLK (sky130_fd_sc_hd__dfxtp_1)
     7    0.03    0.26    0.46    1.69 ^ frontend/s2_pc[1]$_SDFFE_PP0N_/Q (sky130_fd_sc_hd__dfxtp_1)
                                         frontend/fq_io_enq_bits_pc[1] (net)
                  0.26    0.00    1.70 ^ frontend/fq/_677_/A0 (sky130_fd_sc_hd__mux2_2)
     7    0.07    0.34    0.43    2.13 ^ frontend/fq/_677_/X (sky130_fd_sc_hd__mux2_2)
                                         core_io_imem_resp_bits_pc[1] (net)
                  0.34    0.00    2.13 ^ core/ibuf/_261_/B (sky130_fd_sc_hd__ha_1)
     1    0.00    0.06    0.22    2.35 ^ core/ibuf/_261_/COUT (sky130_fd_sc_hd__ha_1)
                                         core/ibuf/_019_ (net)
                  0.06    0.00    2.35 ^ core/ibuf/place1891/A (sky130_fd_sc_hd__buf_4)
    17    0.13    0.35    0.33    2.68 ^ core/ibuf/place1891/X (sky130_fd_sc_hd__buf_4)
                                         core/ibuf/net1890 (net)
                  0.35    0.00    2.69 ^ core/ibuf/_211_/S (sky130_fd_sc_hd__mux2i_1)
     1    0.01    0.13    0.19    2.88 v core/ibuf/_211_/Y (sky130_fd_sc_hd__mux2i_1)
                                         core/ibuf/_068_ (net)
                  0.13    0.00    2.88 v core/ibuf/_213_/A2 (sky130_fd_sc_hd__o21ai_4)
     1    0.01    0.12    0.16    3.04 ^ core/ibuf/_213_/Y (sky130_fd_sc_hd__o21ai_4)
                                         core/ibuf_io_inst_0_bits_raw[1] (net)
                  0.12    0.00    3.04 ^ core/place1747/A (sky130_fd_sc_hd__buf_4)
    32    0.17    0.47    0.43    3.46 ^ core/place1747/X (sky130_fd_sc_hd__buf_4)
                                         core/net1746 (net)
                  0.47    0.02    3.48 ^ core/place1746/A (sky130_fd_sc_hd__buf_4)
    49    0.23    0.63    0.62    4.10 ^ core/place1746/X (sky130_fd_sc_hd__buf_4)
                                         core/net1745 (net)
                  0.63    0.01    4.11 ^ core/ibuf/RVCExpander/_0516_/A (sky130_fd_sc_hd__inv_1)
    14    0.08    0.41    0.52    4.63 v core/ibuf/RVCExpander/_0516_/Y (sky130_fd_sc_hd__inv_1)
                                         core/ibuf/RVCExpander/_0011_ (net)
                  0.41    0.00    4.63 v core/ibuf/RVCExpander/_0518_/A (sky130_fd_sc_hd__nor2_1)
     2    0.01    0.16    0.26    4.89 ^ core/ibuf/RVCExpander/_0518_/Y (sky130_fd_sc_hd__nor2_1)
                                         core/ibuf/RVCExpander/_0013_ (net)
                  0.16    0.00    4.89 ^ core/ibuf/RVCExpander/place1653/A (sky130_fd_sc_hd__buf_4)
    14    0.11    0.30    0.33    5.22 ^ core/ibuf/RVCExpander/place1653/X (sky130_fd_sc_hd__buf_4)
                                         core/ibuf/RVCExpander/net1652 (net)
                  0.30    0.01    5.23 ^ core/ibuf/RVCExpander/_0971_/B (sky130_fd_sc_hd__nor3_1)
     1    0.00    0.10    0.10    5.33 v core/ibuf/RVCExpander/_0971_/Y (sky130_fd_sc_hd__nor3_1)
                                         core/ibuf/RVCExpander/_0430_ (net)
                  0.10    0.00    5.33 v core/ibuf/RVCExpander/_0972_/A2 (sky130_fd_sc_hd__o21ai_0)
     1    0.01    0.26    0.26    5.59 ^ core/ibuf/RVCExpander/_0972_/Y (sky130_fd_sc_hd__o21ai_0)
                                         core/ibuf/RVCExpander/_0431_ (net)
                  0.26    0.00    5.59 ^ core/ibuf/RVCExpander/_0979_/B1 (sky130_fd_sc_hd__a221o_1)
     1    0.01    0.08    0.21    5.81 ^ core/ibuf/RVCExpander/_0979_/X (sky130_fd_sc_hd__a221o_1)
                                         core/ibuf_io_inst_0_bits_inst_bits[2] (net)
                  0.08    0.00    5.81 ^ core/place1523/A (sky130_fd_sc_hd__buf_4)
    14    0.09    0.24    0.26    6.07 ^ core/place1523/X (sky130_fd_sc_hd__buf_4)
                                         core/net1522 (net)
                  0.24    0.01    6.08 ^ core/_6224_/A (sky130_fd_sc_hd__nor3b_1)
     1    0.00    0.08    0.10    6.18 v core/_6224_/Y (sky130_fd_sc_hd__nor3b_1)
                                         core/_2747_ (net)
                  0.08    0.00    6.18 v core/_6225_/B2 (sky130_fd_sc_hd__o22ai_1)
     2    0.04    0.81    0.63    6.81 ^ core/_6225_/Y (sky130_fd_sc_hd__o22ai_1)
                                         core/id_ctrl_wxd (net)
                  0.81    0.00    6.81 ^ core/_6234_/B1 (sky130_fd_sc_hd__o21ai_1)
     4    0.02    0.27    0.34    7.14 v core/_6234_/Y (sky130_fd_sc_hd__o21ai_1)
                                         core/_2756_ (net)
                  0.27    0.00    7.14 v core/_6243_/A (sky130_fd_sc_hd__nor4_1)
     1    0.01    0.47    0.54    7.68 ^ core/_6243_/Y (sky130_fd_sc_hd__nor4_1)
                                         core/_2765_ (net)
                  0.47    0.00    7.68 ^ core/_6244_/C1 (sky130_fd_sc_hd__a221oi_1)
     1    0.01    0.14    0.13    7.81 v core/_6244_/Y (sky130_fd_sc_hd__a221oi_1)
                                         core/_2766_ (net)
                  0.14    0.00    7.81 v core/_6245_/B (sky130_fd_sc_hd__nor2_1)
     2    0.04    0.64    0.53    8.34 ^ core/_6245_/Y (sky130_fd_sc_hd__nor2_1)
                                         core/_2767_ (net)
                  0.64    0.00    8.35 ^ core/_6512_/A1 (sky130_fd_sc_hd__a221oi_1)
     2    0.01    0.17    0.23    8.57 v core/_6512_/Y (sky130_fd_sc_hd__a221oi_1)
                                         core/_3020_ (net)
                  0.17    0.00    8.57 v core/_6581_/A (sky130_fd_sc_hd__and3_1)
     4    0.04    0.17    0.32    8.89 v core/_6581_/X (sky130_fd_sc_hd__and3_1)
                                         core/ibuf_io_inst_0_ready (net)
                  0.17    0.00    8.89 v core/ibuf/_224_/A (sky130_fd_sc_hd__and3_1)
     1    0.01    0.06    0.22    9.11 v core/ibuf/_224_/X (sky130_fd_sc_hd__and3_1)
                                         core/ibuf/_076_ (net)
                  0.06    0.00    9.11 v core/ibuf/_225_/B1 (sky130_fd_sc_hd__a22oi_2)
     2    0.02    0.28    0.24    9.35 ^ core/ibuf/_225_/Y (sky130_fd_sc_hd__a22oi_2)
                                         core/ibuf/_077_ (net)
                  0.28    0.00    9.35 ^ core/ibuf/_226_/B1 (sky130_fd_sc_hd__a21oi_1)
     1    0.01    0.09    0.11    9.46 v core/ibuf/_226_/Y (sky130_fd_sc_hd__a21oi_1)
                                         core_io_imem_resp_ready (net)
                  0.09    0.00    9.46 v frontend/fq/place1327/A (sky130_fd_sc_hd__buf_4)
    10    0.06    0.08    0.21    9.68 v frontend/fq/place1327/X (sky130_fd_sc_hd__buf_4)
                                         frontend/fq/net1326 (net)
                  0.08    0.00    9.68 v frontend/fq/_697_/B (sky130_fd_sc_hd__nor3b_2)
     4    0.02    0.32    0.31   10.00 ^ frontend/fq/_697_/Y (sky130_fd_sc_hd__nor3b_2)
                                         frontend/fq/_280_ (net)
                  0.32    0.00   10.00 ^ frontend/fq/_707_/B (sky130_fd_sc_hd__nand2_1)
     2    0.01    0.17    0.18   10.17 v frontend/fq/_707_/Y (sky130_fd_sc_hd__nand2_1)
                                         frontend/fq/_288_ (net)
                  0.17    0.00   10.17 v frontend/fq/_708_/B1 (sky130_fd_sc_hd__o22ai_4)
     9    0.06    0.49    0.43   10.60 ^ frontend/fq/_708_/Y (sky130_fd_sc_hd__o22ai_4)
                                         frontend/fq/_T_48 (net)
                  0.49    0.00   10.60 ^ frontend/fq/place1315/A (sky130_fd_sc_hd__buf_4)
    29    0.18    0.50    0.53   11.13 ^ frontend/fq/place1315/X (sky130_fd_sc_hd__buf_4)
                                         frontend/fq/net1314 (net)
                  0.50    0.01   11.14 ^ frontend/fq/place1314/A (sky130_fd_sc_hd__buf_4)
    30    0.20    0.55    0.57   11.70 ^ frontend/fq/place1314/X (sky130_fd_sc_hd__buf_4)
                                         frontend/fq/net1313 (net)
                  0.56    0.02   11.72 ^ frontend/fq/_T_2_2_data[14]$_DFFE_PP_/DE (sky130_fd_sc_hd__edfxtp_1)
                                 11.72   data arrival time

                         20.00   20.00   clock core_clock (rise edge)
                          0.00   20.00   clock source latency
     2    0.15    0.00    0.00   20.00 ^ clock (in)
                                         clock (net)
                  0.01    0.01   20.01 ^ clkbuf_regs_0_core_clock/A (sky130_fd_sc_hd__clkbuf_16)
     1    0.01    0.04    0.11   20.11 ^ clkbuf_regs_0_core_clock/X (sky130_fd_sc_hd__clkbuf_16)
                                         clock_regs (net)
                  0.04    0.00   20.11 ^ clkbuf_0_clock_regs/A (sky130_fd_sc_hd__clkbuf_16)
     4    0.18    0.19    0.24   20.35 ^ clkbuf_0_clock_regs/X (sky130_fd_sc_hd__clkbuf_16)
                                         clknet_0_clock_regs (net)
                  0.20    0.01   20.36 ^ clkbuf_2_3_0_clock_regs/A (sky130_fd_sc_hd__clkbuf_16)
     8    0.23    0.24    0.32   20.68 ^ clkbuf_2_3_0_clock_regs/X (sky130_fd_sc_hd__clkbuf_16)
                                         clknet_2_3_0_clock_regs (net)
                  0.24    0.01   20.68 ^ clkbuf_5_27__f_clock_regs/A (sky130_fd_sc_hd__clkbuf_16)
    16    0.23    0.23    0.33   21.02 ^ clkbuf_5_27__f_clock_regs/X (sky130_fd_sc_hd__clkbuf_16)
                                         clknet_5_27__leaf_clock_regs (net)
                  0.24    0.00   21.02 ^ clkbuf_leaf_177_clock_regs/A (sky130_fd_sc_hd__clkbuf_16)
    10    0.04    0.06    0.21   21.23 ^ clkbuf_leaf_177_clock_regs/X (sky130_fd_sc_hd__clkbuf_16)
                                         clknet_leaf_177_clock_regs (net)
                  0.06    0.00   21.23 ^ frontend/fq/_T_2_2_data[14]$_DFFE_PP_/CLK (sky130_fd_sc_hd__edfxtp_1)
                         -0.10   21.13   clock uncertainty
                          0.00   21.13   clock reconvergence pessimism
                         -0.36   20.77   library setup time
                                 20.77   data required time
-----------------------------------------------------------------------------
                                 20.77   data required time
                                -11.72   data arrival time
-----------------------------------------------------------------------------
                                  9.05   slack (MET)



==========================================================================
global route report_check_types -max_slew -max_cap -max_fanout -violators
--------------------------------------------------------------------------
max slew

Pin                                    Limit    Slew   Slack
------------------------------------------------------------
dcache/data/data_arrays_0/data_arrays_0_ext/mem/dout[31]    0.04    0.44   -0.40 (VIOLATED)
frontend/icache/data_arrays_0/data_arrays_0_0_ext/mem/dout[1]    0.04    0.39   -0.35 (VIOLATED)
dcache/data/data_arrays_0/data_arrays_0_ext/mem/dout[29]    0.04    0.39   -0.35 (VIOLATED)
frontend/icache/data_arrays_0/data_arrays_0_0_ext/mem/dout[0]    0.04    0.39   -0.35 (VIOLATED)
dcache/data/data_arrays_0/data_arrays_0_ext/mem/dout[24]    0.04    0.39   -0.35 (VIOLATED)
dcache/data/data_arrays_0/data_arrays_0_ext/mem/dout[28]    0.04    0.38   -0.34 (VIOLATED)
dcache/data/data_arrays_0/data_arrays_0_ext/mem/dout[13]    0.04    0.36   -0.32 (VIOLATED)
frontend/icache/data_arrays_0/data_arrays_0_0_ext/mem/dout[13]    0.04    0.34   -0.30 (VIOLATED)
dcache/data/data_arrays_0/data_arrays_0_ext/mem/dout[6]    0.04    0.33   -0.29 (VIOLATED)
dcache/data/data_arrays_0/data_arrays_0_ext/mem/dout[27]    0.04    0.33   -0.29 (VIOLATED)
dcache/data/data_arrays_0/data_arrays_0_ext/mem/dout[30]    0.04    0.32   -0.28 (VIOLATED)
frontend/icache/data_arrays_0/data_arrays_0_0_ext/mem/dout[3]    0.04    0.31   -0.27 (VIOLATED)
frontend/icache/data_arrays_0/data_arrays_0_0_ext/mem/dout[17]    0.04    0.31   -0.27 (VIOLATED)
frontend/icache/data_arrays_0/data_arrays_0_0_ext/mem/dout[6]    0.04    0.31   -0.27 (VIOLATED)
dcache/data/data_arrays_0/data_arrays_0_ext/mem/dout[1]    0.04    0.30   -0.26 (VIOLATED)
frontend/icache/data_arrays_0/data_arrays_0_0_ext/mem/dout[16]    0.04    0.30   -0.26 (VIOLATED)
frontend/icache/data_arrays_0/data_arrays_0_0_ext/mem/dout[14]    0.04    0.29   -0.25 (VIOLATED)
dcache/data/data_arrays_0/data_arrays_0_ext/mem/dout[26]    0.04    0.29   -0.25 (VIOLATED)
dcache/data/data_arrays_0/data_arrays_0_ext/mem/dout[2]    0.04    0.27   -0.23 (VIOLATED)
dcache/data/data_arrays_0/data_arrays_0_ext/mem/dout[3]    0.04    0.27   -0.23 (VIOLATED)
frontend/icache/data_arrays_0/data_arrays_0_0_ext/mem/dout[15]    0.04    0.26   -0.22 (VIOLATED)
dcache/data/data_arrays_0/data_arrays_0_ext/mem/dout[4]    0.04    0.26   -0.22 (VIOLATED)
dcache/data/data_arrays_0/data_arrays_0_ext/mem/dout[0]    0.04    0.23   -0.19 (VIOLATED)
frontend/icache/data_arrays_0/data_arrays_0_0_ext/mem/dout[5]    0.04    0.22   -0.18 (VIOLATED)
frontend/icache/data_arrays_0/data_arrays_0_0_ext/mem/dout[4]    0.04    0.21   -0.17 (VIOLATED)
frontend/icache/data_arrays_0/data_arrays_0_0_ext/mem/dout[29]    0.04    0.21   -0.17 (VIOLATED)
frontend/icache/data_arrays_0/data_arrays_0_0_ext/mem/dout[7]    0.04    0.21   -0.17 (VIOLATED)
frontend/icache/data_arrays_0/data_arrays_0_0_ext/mem/dout[22]    0.04    0.20   -0.16 (VIOLATED)
dcache/data/data_arrays_0/data_arrays_0_ext/mem/dout[5]    0.04    0.20   -0.16 (VIOLATED)
frontend/icache/data_arrays_0/data_arrays_0_0_ext/mem/dout[2]    0.04    0.20   -0.16 (VIOLATED)
frontend/icache/data_arrays_0/data_arrays_0_0_ext/mem/dout[9]    0.04    0.20   -0.16 (VIOLATED)
frontend/icache/data_arrays_0/data_arrays_0_0_ext/mem/dout[10]    0.04    0.19   -0.15 (VIOLATED)
frontend/icache/data_arrays_0/data_arrays_0_0_ext/mem/dout[21]    0.04    0.19   -0.15 (VIOLATED)
frontend/icache/data_arrays_0/data_arrays_0_0_ext/mem/dout[19]    0.04    0.19   -0.15 (VIOLATED)
dcache/data/data_arrays_0/data_arrays_0_ext/mem/dout[14]    0.04    0.19   -0.15 (VIOLATED)
frontend/icache/data_arrays_0/data_arrays_0_0_ext/mem/dout[12]    0.04    0.19   -0.15 (VIOLATED)
dcache/data/data_arrays_0/data_arrays_0_ext/mem/dout[25]    0.04    0.19   -0.15 (VIOLATED)
frontend/icache/data_arrays_0/data_arrays_0_0_ext/mem/dout[18]    0.04    0.19   -0.15 (VIOLATED)
frontend/icache/data_arrays_0/data_arrays_0_0_ext/mem/dout[27]    0.04    0.19   -0.15 (VIOLATED)
frontend/icache/data_arrays_0/data_arrays_0_0_ext/mem/dout[26]    0.04    0.18   -0.14 (VIOLATED)
frontend/icache/data_arrays_0/data_arrays_0_0_ext/mem/dout[25]    0.04    0.18   -0.14 (VIOLATED)
dcache/data/data_arrays_0/data_arrays_0_ext/mem/dout[23]    0.04    0.18   -0.14 (VIOLATED)
frontend/icache/data_arrays_0/data_arrays_0_0_ext/mem/dout[31]    0.04    0.18   -0.14 (VIOLATED)
dcache/data/data_arrays_0/data_arrays_0_ext/mem/dout[9]    0.04    0.18   -0.14 (VIOLATED)
frontend/icache/data_arrays_0/data_arrays_0_0_ext/mem/dout[23]    0.04    0.18   -0.14 (VIOLATED)
dcache/data/data_arrays_0/data_arrays_0_ext/mem/dout[18]    0.04    0.18   -0.14 (VIOLATED)
frontend/icache/data_arrays_0/data_arrays_0_0_ext/mem/dout[30]    0.04    0.18   -0.14 (VIOLATED)
dcache/data/data_arrays_0/data_arrays_0_ext/mem/dout[7]    0.04    0.17   -0.13 (VIOLATED)
dcache/data/data_arrays_0/data_arrays_0_ext/mem/dout[15]    0.04    0.17   -0.13 (VIOLATED)
dcache/data/data_arrays_0/data_arrays_0_ext/mem/dout[17]    0.04    0.17   -0.13 (VIOLATED)
dcache/data/data_arrays_0/data_arrays_0_ext/mem/dout[22]    0.04    0.17   -0.13 (VIOLATED)
frontend/icache/data_arrays_0/data_arrays_0_0_ext/mem/dout[11]    0.04    0.17   -0.13 (VIOLATED)
dcache/data/data_arrays_0/data_arrays_0_ext/mem/dout[12]    0.04    0.17   -0.13 (VIOLATED)
dcache/data/data_arrays_0/data_arrays_0_ext/mem/dout[21]    0.04    0.17   -0.13 (VIOLATED)
dcache/data/data_arrays_0/data_arrays_0_ext/mem/dout[11]    0.04    0.17   -0.13 (VIOLATED)
dcache/data/data_arrays_0/data_arrays_0_ext/mem/dout[10]    0.04    0.17   -0.13 (VIOLATED)
frontend/icache/data_arrays_0/data_arrays_0_0_ext/mem/dout[24]    0.04    0.17   -0.13 (VIOLATED)
dcache/data/data_arrays_0/data_arrays_0_ext/mem/dout[19]    0.04    0.17   -0.13 (VIOLATED)
dcache/data/data_arrays_0/data_arrays_0_ext/mem/dout[20]    0.04    0.17   -0.13 (VIOLATED)
dcache/data/data_arrays_0/data_arrays_0_ext/mem/dout[8]    0.04    0.17   -0.13 (VIOLATED)
frontend/icache/data_arrays_0/data_arrays_0_0_ext/mem/dout[20]    0.04    0.17   -0.13 (VIOLATED)
dcache/data/data_arrays_0/data_arrays_0_ext/mem/dout[16]    0.04    0.16   -0.12 (VIOLATED)
frontend/icache/data_arrays_0/data_arrays_0_0_ext/mem/dout[28]    0.04    0.16   -0.12 (VIOLATED)
frontend/icache/data_arrays_0/data_arrays_0_0_ext/mem/dout[8]    0.04    0.16   -0.12 (VIOLATED)
frontend/icache/data_arrays_0/data_arrays_0_0_ext/mem/clk    0.35    0.41   -0.06 (VIOLATED)


==========================================================================
global route max_slew_check_slack
--------------------------------------------------------------------------
-0.40442344546318054

==========================================================================
global route max_slew_check_limit
--------------------------------------------------------------------------
0.03999999910593033

==========================================================================
global route max_slew_check_slack_limit
--------------------------------------------------------------------------
-10.1106

==========================================================================
global route max_fanout_check_slack
--------------------------------------------------------------------------
1.0000000150474662e+30

==========================================================================
global route max_fanout_check_limit
--------------------------------------------------------------------------
1.0000000150474662e+30

==========================================================================
global route max_capacitance_check_slack
--------------------------------------------------------------------------
0.004206561949104071

==========================================================================
global route max_capacitance_check_limit
--------------------------------------------------------------------------
0.11353500187397003

==========================================================================
global route max_capacitance_check_slack_limit
--------------------------------------------------------------------------
0.0371

==========================================================================
global route max_slew_violation_count
--------------------------------------------------------------------------
max slew violation count 65

==========================================================================
global route max_fanout_violation_count
--------------------------------------------------------------------------
max fanout violation count 0

==========================================================================
global route max_cap_violation_count
--------------------------------------------------------------------------
max cap violation count 0

==========================================================================
global route setup_violation_count
--------------------------------------------------------------------------
setup violation count 0

==========================================================================
global route hold_violation_count
--------------------------------------------------------------------------
hold violation count 0

==========================================================================
global route report_checks -path_delay max reg to reg
--------------------------------------------------------------------------
Startpoint: frontend/s2_pc[1]$_SDFFE_PP0N_
            (rising edge-triggered flip-flop clocked by core_clock)
Endpoint: frontend/fq/_T_2_2_data[14]$_DFFE_PP_
          (rising edge-triggered flip-flop clocked by core_clock)
Path Group: core_clock
Path Type: max

  Delay    Time   Description
---------------------------------------------------------
   0.00    0.00   clock core_clock (rise edge)
   0.00    0.00   clock source latency
   0.00    0.00 ^ clock (in)
   0.11    0.11 ^ clkbuf_regs_0_core_clock/X (sky130_fd_sc_hd__clkbuf_16)
   0.24    0.35 ^ clkbuf_0_clock_regs/X (sky130_fd_sc_hd__clkbuf_16)
   0.33    0.68 ^ clkbuf_2_3_0_clock_regs/X (sky130_fd_sc_hd__clkbuf_16)
   0.34    1.02 ^ clkbuf_5_27__f_clock_regs/X (sky130_fd_sc_hd__clkbuf_16)
   0.21    1.23 ^ clkbuf_leaf_224_clock_regs/X (sky130_fd_sc_hd__clkbuf_16)
   0.00    1.23 ^ frontend/s2_pc[1]$_SDFFE_PP0N_/CLK (sky130_fd_sc_hd__dfxtp_1)
   0.46    1.69 ^ frontend/s2_pc[1]$_SDFFE_PP0N_/Q (sky130_fd_sc_hd__dfxtp_1)
   0.43    2.13 ^ frontend/fq/_677_/X (sky130_fd_sc_hd__mux2_2)
   0.23    2.35 ^ core/ibuf/_261_/COUT (sky130_fd_sc_hd__ha_1)
   0.33    2.68 ^ core/ibuf/place1891/X (sky130_fd_sc_hd__buf_4)
   0.19    2.88 v core/ibuf/_211_/Y (sky130_fd_sc_hd__mux2i_1)
   0.16    3.04 ^ core/ibuf/_213_/Y (sky130_fd_sc_hd__o21ai_4)
   0.43    3.46 ^ core/place1747/X (sky130_fd_sc_hd__buf_4)
   0.63    4.10 ^ core/place1746/X (sky130_fd_sc_hd__buf_4)
   0.53    4.63 v core/ibuf/RVCExpander/_0516_/Y (sky130_fd_sc_hd__inv_1)
   0.26    4.89 ^ core/ibuf/RVCExpander/_0518_/Y (sky130_fd_sc_hd__nor2_1)
   0.33    5.22 ^ core/ibuf/RVCExpander/place1653/X (sky130_fd_sc_hd__buf_4)
   0.11    5.33 v core/ibuf/RVCExpander/_0971_/Y (sky130_fd_sc_hd__nor3_1)
   0.26    5.59 ^ core/ibuf/RVCExpander/_0972_/Y (sky130_fd_sc_hd__o21ai_0)
   0.21    5.81 ^ core/ibuf/RVCExpander/_0979_/X (sky130_fd_sc_hd__a221o_1)
   0.26    6.07 ^ core/place1523/X (sky130_fd_sc_hd__buf_4)
   0.11    6.18 v core/_6224_/Y (sky130_fd_sc_hd__nor3b_1)
   0.63    6.81 ^ core/_6225_/Y (sky130_fd_sc_hd__o22ai_1)
   0.34    7.14 v core/_6234_/Y (sky130_fd_sc_hd__o21ai_1)
   0.54    7.68 ^ core/_6243_/Y (sky130_fd_sc_hd__nor4_1)
   0.13    7.81 v core/_6244_/Y (sky130_fd_sc_hd__a221oi_1)
   0.53    8.34 ^ core/_6245_/Y (sky130_fd_sc_hd__nor2_1)
   0.23    8.57 v core/_6512_/Y (sky130_fd_sc_hd__a221oi_1)
   0.32    8.89 v core/_6581_/X (sky130_fd_sc_hd__and3_1)
   0.22    9.11 v core/ibuf/_224_/X (sky130_fd_sc_hd__and3_1)
   0.24    9.35 ^ core/ibuf/_225_/Y (sky130_fd_sc_hd__a22oi_2)
   0.11    9.46 v core/ibuf/_226_/Y (sky130_fd_sc_hd__a21oi_1)
   0.22    9.68 v frontend/fq/place1327/X (sky130_fd_sc_hd__buf_4)
   0.32   10.00 ^ frontend/fq/_697_/Y (sky130_fd_sc_hd__nor3b_2)
   0.18   10.17 v frontend/fq/_707_/Y (sky130_fd_sc_hd__nand2_1)
   0.43   10.60 ^ frontend/fq/_708_/Y (sky130_fd_sc_hd__o22ai_4)
   0.53   11.13 ^ frontend/fq/place1315/X (sky130_fd_sc_hd__buf_4)
   0.57   11.70 ^ frontend/fq/place1314/X (sky130_fd_sc_hd__buf_4)
   0.02   11.72 ^ frontend/fq/_T_2_2_data[14]$_DFFE_PP_/DE (sky130_fd_sc_hd__edfxtp_1)
          11.72   data arrival time

  20.00   20.00   clock core_clock (rise edge)
   0.00   20.00   clock source latency
   0.00   20.00 ^ clock (in)
   0.11   20.11 ^ clkbuf_regs_0_core_clock/X (sky130_fd_sc_hd__clkbuf_16)
   0.24   20.35 ^ clkbuf_0_clock_regs/X (sky130_fd_sc_hd__clkbuf_16)
   0.33   20.68 ^ clkbuf_2_3_0_clock_regs/X (sky130_fd_sc_hd__clkbuf_16)
   0.34   21.02 ^ clkbuf_5_27__f_clock_regs/X (sky130_fd_sc_hd__clkbuf_16)
   0.21   21.23 ^ clkbuf_leaf_177_clock_regs/X (sky130_fd_sc_hd__clkbuf_16)
   0.00   21.23 ^ frontend/fq/_T_2_2_data[14]$_DFFE_PP_/CLK (sky130_fd_sc_hd__edfxtp_1)
  -0.10   21.13   clock uncertainty
   0.00   21.13   clock reconvergence pessimism
  -0.36   20.77   library setup time
          20.77   data required time
---------------------------------------------------------
          20.77   data required time
         -11.72   data arrival time
---------------------------------------------------------
           9.05   slack (MET)



==========================================================================
global route report_checks -path_delay min reg to reg
--------------------------------------------------------------------------
Startpoint: intsink/SynchronizerShiftReg_w1_d3/sync_2$_DFF_P_
            (rising edge-triggered flip-flop clocked by core_clock)
Endpoint: intsink/SynchronizerShiftReg_w1_d3/sync_1$_DFF_P_
          (rising edge-triggered flip-flop clocked by core_clock)
Path Group: core_clock
Path Type: min

  Delay    Time   Description
---------------------------------------------------------
   0.00    0.00   clock core_clock (rise edge)
   0.00    0.00   clock source latency
   0.00    0.00 ^ clock (in)
   0.11    0.11 ^ clkbuf_regs_0_core_clock/X (sky130_fd_sc_hd__clkbuf_16)
   0.24    0.35 ^ clkbuf_0_clock_regs/X (sky130_fd_sc_hd__clkbuf_16)
   0.33    0.68 ^ clkbuf_2_2_0_clock_regs/X (sky130_fd_sc_hd__clkbuf_16)
   0.32    0.99 ^ clkbuf_5_23__f_clock_regs/X (sky130_fd_sc_hd__clkbuf_16)
   0.20    1.19 ^ clkbuf_leaf_269_clock_regs/X (sky130_fd_sc_hd__clkbuf_16)
   0.00    1.19 ^ intsink/SynchronizerShiftReg_w1_d3/sync_2$_DFF_P_/CLK (sky130_fd_sc_hd__dfxtp_1)
   0.31    1.51 ^ intsink/SynchronizerShiftReg_w1_d3/sync_2$_DFF_P_/Q (sky130_fd_sc_hd__dfxtp_1)
   0.00    1.51 ^ intsink/SynchronizerShiftReg_w1_d3/sync_1$_DFF_P_/D (sky130_fd_sc_hd__dfxtp_1)
           1.51   data arrival time

   0.00    0.00   clock core_clock (rise edge)
   0.00    0.00   clock source latency
   0.00    0.00 ^ clock (in)
   0.11    0.11 ^ clkbuf_regs_0_core_clock/X (sky130_fd_sc_hd__clkbuf_16)
   0.24    0.35 ^ clkbuf_0_clock_regs/X (sky130_fd_sc_hd__clkbuf_16)
   0.33    0.68 ^ clkbuf_2_2_0_clock_regs/X (sky130_fd_sc_hd__clkbuf_16)
   0.32    0.99 ^ clkbuf_5_23__f_clock_regs/X (sky130_fd_sc_hd__clkbuf_16)
   0.20    1.19 ^ clkbuf_leaf_269_clock_regs/X (sky130_fd_sc_hd__clkbuf_16)
   0.00    1.19 ^ intsink/SynchronizerShiftReg_w1_d3/sync_1$_DFF_P_/CLK (sky130_fd_sc_hd__dfxtp_1)
   0.10    1.29   clock uncertainty
   0.00    1.29   clock reconvergence pessimism
  -0.03    1.26   library hold time
           1.26   data required time
---------------------------------------------------------
           1.26   data required time
          -1.51   data arrival time
---------------------------------------------------------
           0.24   slack (MET)



==========================================================================
global route critical path target clock latency max path
--------------------------------------------------------------------------
1.1583

==========================================================================
global route critical path target clock latency min path
--------------------------------------------------------------------------
1.1933

==========================================================================
global route critical path source clock latency min path
--------------------------------------------------------------------------
0.0000

==========================================================================
global route critical path delay
--------------------------------------------------------------------------
11.7247

==========================================================================
global route critical path slack
--------------------------------------------------------------------------
9.0474

==========================================================================
global route slack div critical path delay
--------------------------------------------------------------------------
77.165301

==========================================================================
global route report_power
--------------------------------------------------------------------------
Group                  Internal  Switching    Leakage      Total
                          Power      Power      Power      Power (Watts)
----------------------------------------------------------------
Sequential             1.07e-02   1.35e-03   3.54e-08   1.20e-02  23.9%
Combinational          9.37e-03   1.94e-02   5.37e-08   2.88e-02  57.2%
Clock                  4.61e-03   4.12e-03   7.03e-09   8.73e-03  17.3%
Macro                  7.59e-04   0.00e+00   1.91e-07   7.59e-04   1.5%
Pad                    0.00e+00   0.00e+00   0.00e+00   0.00e+00   0.0%
----------------------------------------------------------------
Total                  2.54e-02   2.49e-02   2.87e-07   5.03e-02 100.0%
                          50.5%      49.5%       0.0%
